ARM Linker, RVCT4.0 [Build 524] for uVision [Standard]

==============================================================================

Section Cross References

    main.o(i.App_TaskCreate) refers to uctsk_tcp_sever.o(i.App_TCP_server_taskCreate) for App_TCP_server_taskCreate
    main.o(i.App_TaskCreate) refers to uctsk_tcp_client.o(i.App_TCP_client_taskCreate) for App_TCP_client_taskCreate
    main.o(i.App_TaskStart) refers to lwip.o(i.Ethernet_Initialize) for Ethernet_Initialize
    main.o(i.App_TaskStart) refers to uctsk_blink.o(i.LED_GPIO_Configuration) for LED_GPIO_Configuration
    main.o(i.App_TaskStart) refers to lwip.o(i.Init_lwIP) for Init_lwIP
    main.o(i.App_TaskStart) refers to sci.o(i.USART_Configuration) for USART_Configuration
    main.o(i.App_TaskStart) refers to stm32f107.o(i.TIM_Configuration) for TIM_Configuration
    main.o(i.App_TaskStart) refers to os_cpu_c.o(i.OS_CPU_SysTickInit) for OS_CPU_SysTickInit
    main.o(i.App_TaskStart) refers to os_core.o(i.OSStatInit) for OSStatInit
    main.o(i.App_TaskStart) refers to main.o(i.App_TaskCreate) for App_TaskCreate
    main.o(i.App_TaskStart) refers to os_time.o(i.OSTimeDlyHMSM) for OSTimeDlyHMSM
    main.o(i.main) refers to cpu_a.o(.text) for CPU_IntDis
    main.o(i.main) refers to os_core.o(i.OSInit) for OSInit
    main.o(i.main) refers to os_task.o(i.OSTaskCreateExt) for OSTaskCreateExt
    main.o(i.main) refers to os_task.o(i.OSTaskNameSet) for OSTaskNameSet
    main.o(i.main) refers to os_core.o(i.OSStart) for OSStart
    main.o(i.main) refers to main.o(.bss) for .bss
    main.o(i.main) refers to main.o(i.App_TaskStart) for App_TaskStart
    search.o(i.MemSearch) refers to search.o(i.MemChr) for MemChr
    search.o(i.memstr) refers to search.o(i.MemChr) for MemChr
    search.o(i.memstr) refers to strncmp.o(.text) for strncmp
    search.o(i.memstrExt) refers to search.o(i.MemChr) for MemChr
    search.o(i.memstrExt) refers to strncmp.o(.text) for strncmp
    uctsk_blink.o(i.App_BlinkTaskCreate) refers to os_task.o(i.OSTaskCreate) for OSTaskCreate
    uctsk_blink.o(i.App_BlinkTaskCreate) refers to os_task.o(i.OSTaskNameSet) for OSTaskNameSet
    uctsk_blink.o(i.App_BlinkTaskCreate) refers to uctsk_blink.o(.bss) for .bss
    uctsk_blink.o(i.App_BlinkTaskCreate) refers to uctsk_blink.o(i.uctsk_Blink) for uctsk_Blink
    uctsk_blink.o(i.LED_GPIO_Configuration) refers to stm32f10x_rcc.o(i.RCC_APB2PeriphClockCmd) for RCC_APB2PeriphClockCmd
    uctsk_blink.o(i.LED_GPIO_Configuration) refers to stm32f10x_gpio.o(i.GPIO_Init) for GPIO_Init
    uctsk_blink.o(i.uctsk_Blink) refers to uctsk_blink.o(i.LED_GPIO_Configuration) for LED_GPIO_Configuration
    uctsk_blink.o(i.uctsk_Blink) refers to stm32f10x_gpio.o(i.GPIO_SetBits) for GPIO_SetBits
    uctsk_blink.o(i.uctsk_Blink) refers to os_time.o(i.OSTimeDlyHMSM) for OSTimeDlyHMSM
    uctsk_blink.o(i.uctsk_Blink) refers to stm32f10x_gpio.o(i.GPIO_ResetBits) for GPIO_ResetBits
    uctsk_blink.o(i.uctsk_Blink) refers to lwip.o(i.Display_IPAddress) for Display_IPAddress
    stm32f10x_it.o(i.SysTick_Handler) refers to os_cpu_a.o(.text) for OS_CPU_SR_Save
    stm32f10x_it.o(i.SysTick_Handler) refers to os_core.o(i.OSTimeTick) for OSTimeTick
    stm32f10x_it.o(i.SysTick_Handler) refers to os_core.o(i.OSIntExit) for OSIntExit
    stm32f10x_it.o(i.SysTick_Handler) refers to os_core.o(.data) for OSIntNesting
    sci.o(i.USART1_IRQHandler) refers to os_cpu_a.o(.text) for OS_CPU_SR_Save
    sci.o(i.USART1_IRQHandler) refers to stm32f10x_usart.o(i.USART_GetITStatus) for USART_GetITStatus
    sci.o(i.USART1_IRQHandler) refers to stm32f10x_usart.o(i.USART_ClearITPendingBit) for USART_ClearITPendingBit
    sci.o(i.USART1_IRQHandler) refers to os_core.o(i.OSIntExit) for OSIntExit
    sci.o(i.USART1_IRQHandler) refers to os_core.o(.data) for OSIntNesting
    sci.o(i.USART1_IRQHandler) refers to tcp_to_rs232_485.o(.bss) for RS485_rec_buf
    sci.o(i.USART1_IRQHandler) refers to tcp_to_rs232_485.o(.data) for RS485_rec_counter
    sci.o(i.USART1_IRQHandler) refers to sci.o(.data) for rs485_start_time_flag
    sci.o(i.USART2_IRQHandler) refers to os_cpu_a.o(.text) for OS_CPU_SR_Save
    sci.o(i.USART2_IRQHandler) refers to stm32f10x_usart.o(i.USART_GetITStatus) for USART_GetITStatus
    sci.o(i.USART2_IRQHandler) refers to stm32f10x_usart.o(i.USART_ClearITPendingBit) for USART_ClearITPendingBit
    sci.o(i.USART2_IRQHandler) refers to os_core.o(i.OSIntExit) for OSIntExit
    sci.o(i.USART2_IRQHandler) refers to os_core.o(.data) for OSIntNesting
    sci.o(i.USART2_IRQHandler) refers to tcp_to_rs232_485.o(.data) for RS232_rec_buf
    sci.o(i.USART2_IRQHandler) refers to sci.o(.data) for rs232_start_time_flag
    sci.o(i.USART_Configuration) refers to stm32f10x_rcc.o(i.RCC_APB2PeriphClockCmd) for RCC_APB2PeriphClockCmd
    sci.o(i.USART_Configuration) refers to stm32f10x_gpio.o(i.GPIO_Init) for GPIO_Init
    sci.o(i.USART_Configuration) refers to stm32f10x_usart.o(i.USART_Init) for USART_Init
[...]
    Reset_Handler                            0x08000165   Thumb Code     8  startup_stm32f10x_cl.o(.text)
    ADC1_2_IRQHandler                        0x0800017f   Thumb Code     0  startup_stm32f10x_cl.o(.text)
    CAN1_RX0_IRQHandler                      0x0800017f   Thumb Code     0  startup_stm32f10x_cl.o(.text)
    CAN1_RX1_IRQHandler                      0x0800017f   Thumb Code     0  startup_stm32f10x_cl.o(.text)
    CAN1_SCE_IRQHandler                      0x0800017f   Thumb Code     0  startup_stm32f10x_cl.o(.text)
    CAN1_TX_IRQHandler                       0x0800017f   Thumb Code     0  startup_stm32f10x_cl.o(.text)
    CAN2_RX0_IRQHandler                      0x0800017f   Thumb Code     0  startup_stm32f10x_cl.o(.text)
    CAN2_RX1_IRQHandler                      0x0800017f   Thumb Code     0  startup_stm32f10x_cl.o(.text)
    CAN2_SCE_IRQHandler                      0x0800017f   Thumb Code     0  startup_stm32f10x_cl.o(.text)
    CAN2_TX_IRQHandler                       0x0800017f   Thumb Code     0  startup_stm32f10x_cl.o(.text)
    DMA1_Channel1_IRQHandler                 0x0800017f   Thumb Code     0  startup_stm32f10x_cl.o(.text)
    DMA1_Channel2_IRQHandler                 0x0800017f   Thumb Code     0  startup_stm32f10x_cl.o(.text)
    DMA1_Channel3_IRQHandler                 0x0800017f   Thumb Code     0  startup_stm32f10x_cl.o(.text)
    DMA1_Channel4_IRQHandler                 0x0800017f   Thumb Code     0  startup_stm32f10x_cl.o(.text)
    DMA1_Channel5_IRQHandler                 0x0800017f   Thumb Code     0  startup_stm32f10x_cl.o(.text)
    DMA1_Channel6_IRQHandler                 0x0800017f   Thumb Code     0  startup_stm32f10x_cl.o(.text)
    DMA1_Channel7_IRQHandler                 0x0800017f   Thumb Code     0  startup_stm32f10x_cl.o(.text)
    DMA2_Channel1_IRQHandler                 0x0800017f   Thumb Code     0  startup_stm32f10x_cl.o(.text)
    DMA2_Channel2_IRQHandler                 0x0800017f   Thumb Code     0  startup_stm32f10x_cl.o(.text)
    DMA2_Channel3_IRQHandler                 0x0800017f   Thumb Code     0  startup_stm32f10x_cl.o(.text)
    DMA2_Channel4_IRQHandler                 0x0800017f   Thumb Code     0  startup_stm32f10x_cl.o(.text)
    DMA2_Channel5_IRQHandler                 0x0800017f   Thumb Code     0  startup_stm32f10x_cl.o(.text)
    ETH_WKUP_IRQHandler                      0x0800017f   Thumb Code     0  startup_stm32f10x_cl.o(.text)
    EXTI0_IRQHandler                         0x0800017f   Thumb Code     0  startup_stm32f10x_cl.o(.text)
    EXTI15_10_IRQHandler                     0x0800017f   Thumb Code     0  startup_stm32f10x_cl.o(.text)
    EXTI1_IRQHandler                         0x0800017f   Thumb Code     0  startup_stm32f10x_cl.o(.text)
    EXTI2_IRQHandler                         0x0800017f   Thumb Code     0  startup_stm32f10x_cl.o(.text)
    EXTI3_IRQHandler                         0x0800017f   Thumb Code     0  startup_stm32f10x_cl.o(.text)
    EXTI4_IRQHandler                         0x0800017f   Thumb Code     0  startup_stm32f10x_cl.o(.text)
    EXTI9_5_IRQHandler                       0x0800017f   Thumb Code     0  startup_stm32f10x_cl.o(.text)
    FLASH_IRQHandler                         0x0800017f   Thumb Code     0  startup_stm32f10x_cl.o(.text)
    I2C1_ER_IRQHandler                       0x0800017f   Thumb Code     0  startup_stm32f10x_cl.o(.text)
    I2C1_EV_IRQHandler                       0x0800017f   Thumb Code     0  startup_stm32f10x_cl.o(.text)
    I2C2_ER_IRQHandler                       0x0800017f   Thumb Code     0  startup_stm32f10x_cl.o(.text)
    I2C2_EV_IRQHandler                       0x0800017f   Thumb Code     0  startup_stm32f10x_cl.o(.text)
    OTG_FS_IRQHandler                        0x0800017f   Thumb Code     0  startup_stm32f10x_cl.o(.text)
    OTG_FS_WKUP_IRQHandler                   0x0800017f   Thumb Code     0  startup_stm32f10x_cl.o(.text)
    PVD_IRQHandler                           0x0800017f   Thumb Code     0  startup_stm32f10x_cl.o(.text)
    RCC_IRQHandler                           0x0800017f   Thumb Code     0  startup_stm32f10x_cl.o(.text)
    RTCAlarm_IRQHandler                      0x0800017f   Thumb Code     0  startup_stm32f10x_cl.o(.text)
    RTC_IRQHandler                           0x0800017f   Thumb Code     0  startup_stm32f10x_cl.o(.text)
    SPI1_IRQHandler                          0x0800017f   Thumb Code     0  startup_stm32f10x_cl.o(.text)
    SPI2_IRQHandler                          0x0800017f   Thumb Code     0  startup_stm32f10x_cl.o(.text)
    SPI3_IRQHandler                          0x0800017f   Thumb Code     0  startup_stm32f10x_cl.o(.text)
    TAMPER_IRQHandler                        0x0800017f   Thumb Code     0  startup_stm32f10x_cl.o(.text)
    TIM1_BRK_IRQHandler                      0x0800017f   Thumb Code     0  startup_stm32f10x_cl.o(.text)
    TIM1_CC_IRQHandler                       0x0800017f   Thumb Code     0  startup_stm32f10x_cl.o(.text)
    TIM1_TRG_COM_IRQHandler                  0x0800017f   Thumb Code     0  startup_stm32f10x_cl.o(.text)
    TIM1_UP_IRQHandler                       0x0800017f   Thumb Code     0  startup_stm32f10x_cl.o(.text)
    TIM3_IRQHandler                          0x0800017f   Thumb Code     0  startup_stm32f10x_cl.o(.text)
    TIM4_IRQHandler                          0x0800017f   Thumb Code     0  startup_stm32f10x_cl.o(.text)
    TIM5_IRQHandler                          0x0800017f   Thumb Code     0  startup_stm32f10x_cl.o(.text)
    TIM6_IRQHandler                          0x0800017f   Thumb Code     0  startup_stm32f10x_cl.o(.text)
    TIM7_IRQHandler                          0x0800017f   Thumb Code     0  startup_stm32f10x_cl.o(.text)
    UART4_IRQHandler                         0x0800017f   Thumb Code     0  startup_stm32f10x_cl.o(.text)
    UART5_IRQHandler                         0x0800017f   Thumb Code     0  startup_stm32f10x_cl.o(.text)
    USART3_IRQHandler                        0x0800017f   Thumb Code     0  startup_stm32f10x_cl.o(.text)
    WWDG_IRQHandler                          0x0800017f   Thumb Code     0  startup_stm32f10x_cl.o(.text)
    OS_CPU_SR_Save                           0x08000189   Thumb Code     0  os_cpu_a.o(.text)
    OS_CPU_SR_Restore                        0x08000191   Thumb Code     0  os_cpu_a.o(.text)
    OSStartHighRdy                           0x08000197   Thumb Code     0  os_cpu_a.o(.text)
    OSCtxSw                                  0x080001b7   Thumb Code     0  os_cpu_a.o(.text)
    OSIntCtxSw                               0x080001c1   Thumb Code     0  os_cpu_a.o(.text)
    PendSV_Handler                           0x080001cb   Thumb Code     0  os_cpu_a.o(.text)
    CPU_IntDis                               0x0800022d   Thumb Code     0  cpu_a.o(.text)
    CPU_IntEn                                0x08000231   Thumb Code     0  cpu_a.o(.text)
    CPU_SR_Save                              0x08000235   Thumb Code     0  cpu_a.o(.text)
    CPU_SR_Restore                           0x0800023d   Thumb Code     0  cpu_a.o(.text)
    CPU_CntLeadZeros                         0x08000243   Thumb Code     0  cpu_a.o(.text)
    CPU_RevBits                              0x08000249   Thumb Code     0  cpu_a.o(.text)
    CPU_WaitForInt                           0x0800024f   Thumb Code     0  cpu_a.o(.text)
    CPU_WaitForExcept                        0x08000253   Thumb Code     0  cpu_a.o(.text)
    __aeabi_memcpy                           0x08000257   Thumb Code    36  memcpya.o(.text)
    __aeabi_memcpy4                          0x08000257   Thumb Code     0  memcpya.o(.text)
    __aeabi_memcpy8                          0x08000257   Thumb Code     0  memcpya.o(.text)
    __aeabi_memset                           0x0800027b   Thumb Code    14  memseta.o(.text)
    __aeabi_memset4                          0x0800027b   Thumb Code     0  memseta.o(.text)
    __aeabi_memset8                          0x0800027b   Thumb Code     0  memseta.o(.text)
    __aeabi_memclr                           0x08000289   Thumb Code     4  memseta.o(.text)
    __aeabi_memclr4                          0x08000289   Thumb Code     0  memseta.o(.text)
    __aeabi_memclr8                          0x08000289   Thumb Code     0  memseta.o(.text)
    _memset$wrapper                          0x0800028d   Thumb Code    20  memseta.o(.text)
    __aeabi_uidiv                            0x080002a1   Thumb Code     0  uidiv.o(.text)
    __aeabi_uidivmod                         0x080002a1   Thumb Code    44  uidiv.o(.text)
    __scatterload                            0x080002cd   Thumb Code    28  init.o(.text)
    __scatterload_rt2                        0x080002cd   Thumb Code     0  init.o(.text)
    __decompress                             0x080002f1   Thumb Code     0  __dczerorl2.o(.text)
    __decompress1                            0x080002f1   Thumb Code    88  __dczerorl2.o(.text)
    App_TCBInitHook                          0x08000349   Thumb Code     2  os_apphooks.o(i.App_TCBInitHook)
    App_TCP_client_taskCreate                0x0800034d   Thumb Code    58  uctsk_tcp_client.o(i.App_TCP_client_taskCreate)
    App_TCP_server_taskCreate                0x080003c1   Thumb Code    34  uctsk_tcp_sever.o(i.App_TCP_server_taskCreate)
    App_TaskCreateHook                       0x08000409   Thumb Code     2  os_apphooks.o(i.App_TaskCreateHook)
    App_TaskIdleHook                         0x0800040b   Thumb Code     2  os_apphooks.o(i.App_TaskIdleHook)
    App_TaskStatHook                         0x08000441   Thumb Code     2  os_apphooks.o(i.App_TaskStatHook)
    App_TaskSwHook                           0x08000443   Thumb Code     2  os_apphooks.o(i.App_TaskSwHook)
    App_TimeTickHook                         0x08000445   Thumb Code     2  os_apphooks.o(i.App_TimeTickHook)
    BusFault_Handler                         0x08000447   Thumb Code     4  stm32f10x_it.o(i.BusFault_Handler)
    DebugMon_Handler                         0x0800044b   Thumb Code     2  stm32f10x_it.o(i.DebugMon_Handler)
    ETH_DMAClearITPendingBit                 0x0800044d   Thumb Code     6  stm32_eth.o(i.ETH_DMAClearITPendingBit)
    ETH_DMAITConfig                          0x08000459   Thumb Code    26  stm32_eth.o(i.ETH_DMAITConfig)
    ETH_DMAReceptionCmd                      0x08000479   Thumb Code    30  stm32_eth.o(i.ETH_DMAReceptionCmd)
    ETH_DMARxDescChainInit                   0x0800049d   Thumb Code    72  stm32_eth.o(i.ETH_DMARxDescChainInit)
    ETH_DMARxDescReceiveITConfig             0x080004ed   Thumb Code    22  stm32_eth.o(i.ETH_DMARxDescReceiveITConfig)
    ETH_DMATransmissionCmd                   0x08000505   Thumb Code    30  stm32_eth.o(i.ETH_DMATransmissionCmd)
    ETH_DMATxDescChainInit                   0x08000529   Thumb Code    66  stm32_eth.o(i.ETH_DMATxDescChainInit)
    ETH_DeInit                               0x08000575   Thumb Code    22  stm32_eth.o(i.ETH_DeInit)
    ETH_FlushTransmitFIFO                    0x08000599   Thumb Code    14  stm32_eth.o(i.ETH_FlushTransmitFIFO)
    ETH_GetCurrentTxBuffer                   0x080005ad   Thumb Code     8  ethernetif.o(i.ETH_GetCurrentTxBuffer)
    ETH_GetDMARxDescFrameLength              0x080005b9   Thumb Code    10  stm32_eth.o(i.ETH_GetDMARxDescFrameLength)
    ETH_GetRxPktSize                         0x080005c5   Thumb Code    66  stm32_eth.o(i.ETH_GetRxPktSize)
    ETH_GetSoftwareResetStatus               0x0800060d   Thumb Code    20  stm32_eth.o(i.ETH_GetSoftwareResetStatus)
    ETH_IRQHandler                           0x08000625   Thumb Code    60  lwip.o(i.ETH_IRQHandler)
    ETH_Init                                 0x08000669   Thumb Code   546  stm32_eth.o(i.ETH_Init)
    ETH_MACAddressConfig                     0x080008b1   Thumb Code    46  stm32_eth.o(i.ETH_MACAddressConfig)
    ETH_MACReceptionCmd                      0x080008e5   Thumb Code    30  stm32_eth.o(i.ETH_MACReceptionCmd)
    ETH_MACTransmissionCmd                   0x08000909   Thumb Code    30  stm32_eth.o(i.ETH_MACTransmissionCmd)
    ETH_ReadPHYRegister                      0x0800092d   Thumb Code    54  stm32_eth.o(i.ETH_ReadPHYRegister)
    ETH_RxPkt_ChainMode                      0x08000969   Thumb Code   150  ethernetif.o(i.ETH_RxPkt_ChainMode)
    ETH_SoftwareReset                        0x08000a09   Thumb Code    14  stm32_eth.o(i.ETH_SoftwareReset)
    ETH_Start                                0x08000a1d   Thumb Code    32  stm32_eth.o(i.ETH_Start)
    ETH_StructInit                           0x08000a3d   Thumb Code   164  stm32_eth.o(i.ETH_StructInit)
    ETH_TxPkt_ChainMode                      0x08000ae1   Thumb Code    94  ethernetif.o(i.ETH_TxPkt_ChainMode)
    ETH_WritePHYRegister                     0x08000b49   Thumb Code    84  stm32_eth.o(i.ETH_WritePHYRegister)
    Ethernet_Initialize                      0x08000c45   Thumb Code   256  lwip.o(i.Ethernet_Initialize)
    GPIO_ETH_MediaInterfaceConfig            0x08000d55   Thumb Code     6  stm32f10x_gpio.o(i.GPIO_ETH_MediaInterfaceConfig)
    GPIO_Init                                0x08000d61   Thumb Code   268  stm32f10x_gpio.o(i.GPIO_Init)
    GPIO_PinRemapConfig                      0x08000e6d   Thumb Code   136  stm32f10x_gpio.o(i.GPIO_PinRemapConfig)
    GPIO_ResetBits                           0x08000ef9   Thumb Code     4  stm32f10x_gpio.o(i.GPIO_ResetBits)
    GPIO_SetBits                             0x08000efd   Thumb Code     4  stm32f10x_gpio.o(i.GPIO_SetBits)
    HardFault_Handler                        0x08000f01   Thumb Code     4  stm32f10x_it.o(i.HardFault_Handler)
    Init_lwIP                                0x08000f05   Thumb Code   124  lwip.o(i.Init_lwIP)
    LED_GPIO_Configuration                   0x08000f9d   Thumb Code    38  uctsk_blink.o(i.LED_GPIO_Configuration)
    MemManage_Handler                        0x08000fc9   Thumb Code     4  stm32f10x_it.o(i.MemManage_Handler)
    NMI_Handler                              0x08000fcd   Thumb Code     2  stm32f10x_it.o(i.NMI_Handler)
    NVIC_Configuration                       0x08000fcf   Thumb Code   196  stm32f107.o(i.NVIC_Configuration)
    NVIC_Init                                0x08001095   Thumb Code   102  misc.o(i.NVIC_Init)
    NVIC_PriorityGroupConfig                 0x08001109   Thumb Code    10  misc.o(i.NVIC_PriorityGroupConfig)
    NVIC_SetVectorTable                      0x0800111d   Thumb Code    12  misc.o(i.NVIC_SetVectorTable)
    OSDebugInit                              0x08001131   Thumb Code   118  os_dbg.o(i.OSDebugInit)
    OSEventNameSet                           0x0800128d   Thumb Code    98  os_core.o(i.OSEventNameSet)
    OSInit                                   0x080012f5   Thumb Code    56  os_core.o(i.OSInit)
    OSInitHookBegin                          0x0800132d   Thumb Code     8  os_cpu_c.o(i.OSInitHookBegin)
    OSInitHookEnd                            0x08001339   Thumb Code     2  os_cpu_c.o(i.OSInitHookEnd)
    OSIntExit                                0x0800133d   Thumb Code   112  os_core.o(i.OSIntExit)
    OSMemCreate                              0x080013cd   Thumb Code   176  os_mem.o(i.OSMemCreate)
    OSMemGet                                 0x08001481   Thumb Code    72  os_mem.o(i.OSMemGet)
    OSMemPut                                 0x080014c9   Thumb Code    66  os_mem.o(i.OSMemPut)
    OSQCreate                                0x0800150d   Thumb Code   146  os_q.o(i.OSQCreate)
    OSQPend                                  0x080015b1   Thumb Code   306  os_q.o(i.OSQPend)
    OSQPost                                  0x080016f1   Thumb Code   120  os_q.o(i.OSQPost)
    OSSchedLock                              0x08001769   Thumb Code    50  os_core.o(i.OSSchedLock)
    OSSchedUnlock                            0x080017a9   Thumb Code    82  os_core.o(i.OSSchedUnlock)
    OSSemCreate                              0x08001809   Thumb Code    72  os_sem.o(i.OSSemCreate)
    OSSemDel                                 0x0800185d   Thumb Code   214  os_sem.o(i.OSSemDel)
    OSSemPend                                0x08001941   Thumb Code   234  os_sem.o(i.OSSemPend)
    OSSemPost                                0x08001a39   Thumb Code    94  os_sem.o(i.OSSemPost)
    OSStart                                  0x08001a99   Thumb Code    48  os_core.o(i.OSStart)
    OSStatInit                               0x08001ae1   Thumb Code    62  os_core.o(i.OSStatInit)
    OSTCBInitHook                            0x08001b2d   Thumb Code    12  os_cpu_c.o(i.OSTCBInitHook)
    OSTaskCreate                             0x08001b39   Thumb Code   156  os_task.o(i.OSTaskCreate)
    OSTaskCreateExt                          0x08001be1   Thumb Code   182  os_task.o(i.OSTaskCreateExt)
    OSTaskCreateHook                         0x08001ca5   Thumb Code    12  os_cpu_c.o(i.OSTaskCreateHook)
    OSTaskIdleHook                           0x08001cb1   Thumb Code     8  os_cpu_c.o(i.OSTaskIdleHook)
    OSTaskNameSet                            0x08001cb9   Thumb Code   118  os_task.o(i.OSTaskNameSet)
    OSTaskQuery                              0x08001d3d   Thumb Code   100  os_task.o(i.OSTaskQuery)
    OSTaskStatHook                           0x08001da9   Thumb Code     8  os_cpu_c.o(i.OSTaskStatHook)
    OSTaskStkChk                             0x08001db1   Thumb Code   152  os_task.o(i.OSTaskStkChk)
    OSTaskStkInit                            0x08001e51   Thumb Code   154  os_cpu_c.o(i.OSTaskStkInit)
    OSTaskSuspend                            0x08001eed   Thumb Code   180  os_task.o(i.OSTaskSuspend)
    OSTaskSwHook                             0x08001fb1   Thumb Code     8  os_cpu_c.o(i.OSTaskSwHook)
    OSTimeDly                                0x08001fb9   Thumb Code   106  os_time.o(i.OSTimeDly)
    OSTimeDlyHMSM                            0x08002039   Thumb Code   124  os_time.o(i.OSTimeDlyHMSM)
    OSTimeGet                                0x080020bd   Thumb Code    24  os_time.o(i.OSTimeGet)
    OSTimeTick                               0x080020d9   Thumb Code   208  os_core.o(i.OSTimeTick)
    OSTimeTickHook                           0x080021c1   Thumb Code    34  os_cpu_c.o(i.OSTimeTickHook)
    OSTmrSignal                              0x080021e9   Thumb Code    16  os_tmr.o(i.OSTmrSignal)
    OSTmr_Init                               0x080021fd   Thumb Code   168  os_tmr.o(i.OSTmr_Init)
    OS_CPU_SysTickInit                       0x08002475   Thumb Code    86  os_cpu_c.o(i.OS_CPU_SysTickInit)
    OS_EventTaskRdy                          0x080024d9   Thumb Code   150  os_core.o(i.OS_EventTaskRdy)
    OS_EventTaskRemove                       0x08002581   Thumb Code    48  os_core.o(i.OS_EventTaskRemove)
    OS_EventTaskRemoveMulti                  0x080025b1   Thumb Code    78  os_core.o(i.OS_EventTaskRemoveMulti)
    OS_EventTaskWait                         0x08002601   Thumb Code   120  os_core.o(i.OS_EventTaskWait)
    OS_EventWaitListInit                     0x08002685   Thumb Code    26  os_core.o(i.OS_EventWaitListInit)
    OS_FlagInit                              0x080026a1   Thumb Code    74  os_flag.o(i.OS_FlagInit)
    OS_MemClr                                0x08002911   Thumb Code    18  os_core.o(i.OS_MemClr)
    OS_MemCopy                               0x08002923   Thumb Code    20  os_core.o(i.OS_MemCopy)
    OS_MemInit                               0x08002939   Thumb Code    74  os_mem.o(i.OS_MemInit)
    OS_QInit                                 0x08002991   Thumb Code    72  os_q.o(i.OS_QInit)
    OS_Sched                                 0x080029e1   Thumb Code    88  os_core.o(i.OS_Sched)
    OS_TCBInit                               0x08002a81   Thumb Code   346  os_core.o(i.OS_TCBInit)
    OS_TaskIdle                              0x08002bf9   Thumb Code    36  os_core.o(i.OS_TaskIdle)
    OS_TaskStat                              0x08002c21   Thumb Code   118  os_core.o(i.OS_TaskStat)
    OS_TaskStatStkChk                        0x08002cad   Thumb Code    54  os_core.o(i.OS_TaskStatStkChk)
    OS_TaskStkClr                            0x08002ce9   Thumb Code    26  os_task.o(i.OS_TaskStkClr)
    RCC_AHBPeriphClockCmd                    0x08002d05   Thumb Code    26  stm32f10x_rcc.o(i.RCC_AHBPeriphClockCmd)
    RCC_AHBPeriphResetCmd                    0x08002d25   Thumb Code    26  stm32f10x_rcc.o(i.RCC_AHBPeriphResetCmd)
    RCC_APB1PeriphClockCmd                   0x08002d45   Thumb Code    26  stm32f10x_rcc.o(i.RCC_APB1PeriphClockCmd)
    RCC_APB1PeriphResetCmd                   0x08002d65   Thumb Code    26  stm32f10x_rcc.o(i.RCC_APB1PeriphResetCmd)
    RCC_APB2PeriphClockCmd                   0x08002d85   Thumb Code    26  stm32f10x_rcc.o(i.RCC_APB2PeriphClockCmd)
    RCC_APB2PeriphResetCmd                   0x08002da5   Thumb Code    26  stm32f10x_rcc.o(i.RCC_APB2PeriphResetCmd)
    RCC_GetClocksFreq                        0x08002dc5   Thumb Code   374  stm32f10x_rcc.o(i.RCC_GetClocksFreq)
    RCC_GetFlagStatus                        0x08002f51   Thumb Code    56  stm32f10x_rcc.o(i.RCC_GetFlagStatus)
    RCC_MCOConfig                            0x08002f8d   Thumb Code     6  stm32f10x_rcc.o(i.RCC_MCOConfig)
    RCC_PLL3Cmd                              0x08002f99   Thumb Code     6  stm32f10x_rcc.o(i.RCC_PLL3Cmd)
    RCC_PLL3Config                           0x08002fa5   Thumb Code    16  stm32f10x_rcc.o(i.RCC_PLL3Config)
    RS232_Send_Data                          0x08002fb9   Thumb Code    36  tcp_to_rs232_485.o(i.RS232_Send_Data)
    RS485_Send_Data                          0x08003041   Thumb Code    80  tcp_to_rs232_485.o(i.RS485_Send_Data)
    SVC_Handler                              0x08003105   Thumb Code     2  stm32f10x_it.o(i.SVC_Handler)
    Set_MAC_Address                          0x08003211   Thumb Code    40  ethernetif.o(i.Set_MAC_Address)
    SysTick_Handler                          0x0800323d   Thumb Code    34  stm32f10x_it.o(i.SysTick_Handler)
    SystemInit                               0x08003265   Thumb Code    92  system_stm32f10x.o(i.SystemInit)
    TCP_server_init                          0x080032d1   Thumb Code    76  tcp_to_rs232_485.o(i.TCP_server_init)
    TIM2_IRQHandler                          0x08003341   Thumb Code   142  stm32f107.o(i.TIM2_IRQHandler)
    TIM_ClearFlag                            0x080033f5   Thumb Code     6  stm32f10x_tim.o(i.TIM_ClearFlag)
    TIM_ClearITPendingBit                    0x080033fb   Thumb Code     6  stm32f10x_tim.o(i.TIM_ClearITPendingBit)
    TIM_Cmd                                  0x08003401   Thumb Code    24  stm32f10x_tim.o(i.TIM_Cmd)
    TIM_Configuration                        0x08003419   Thumb Code    82  stm32f107.o(i.TIM_Configuration)
    TIM_DeInit                               0x0800346d   Thumb Code   424  stm32f10x_tim.o(i.TIM_DeInit)
    TIM_GetITStatus                          0x08003655   Thumb Code    34  stm32f10x_tim.o(i.TIM_GetITStatus)
    TIM_ITConfig                             0x08003677   Thumb Code    24  stm32f10x_tim.o(i.TIM_ITConfig)
    TIM_TimeBaseInit                         0x08003691   Thumb Code   122  stm32f10x_tim.o(i.TIM_TimeBaseInit)
    USART1_IRQHandler                        0x08003745   Thumb Code   136  sci.o(i.USART1_IRQHandler)
    USART2_IRQHandler                        0x080037e5   Thumb Code   136  sci.o(i.USART2_IRQHandler)
    USART_ClearITPendingBit                  0x08003885   Thumb Code    30  stm32f10x_usart.o(i.USART_ClearITPendingBit)
    USART_Cmd                                0x080038a3   Thumb Code    24  stm32f10x_usart.o(i.USART_Cmd)
    USART_Configuration                      0x080038bd   Thumb Code   314  sci.o(i.USART_Configuration)
    USART_GetFlagStatus                      0x08003a09   Thumb Code    26  stm32f10x_usart.o(i.USART_GetFlagStatus)
    USART_GetITStatus                        0x08003a23   Thumb Code    84  stm32f10x_usart.o(i.USART_GetITStatus)
    USART_ITConfig                           0x08003a77   Thumb Code    72  stm32f10x_usart.o(i.USART_ITConfig)
    USART_Init                               0x08003ac1   Thumb Code   210  stm32f10x_usart.o(i.USART_Init)
    USART_SendData                           0x08003b99   Thumb Code     8  stm32f10x_usart.o(i.USART_SendData)
    UsageFault_Handler                       0x08003ba1   Thumb Code     4  stm32f10x_it.o(i.UsageFault_Handler)
    __0printf$3                              0x08003ba5   Thumb Code    22  printf3.o(i.__0printf$3)
    __1printf$3                              0x08003ba5   Thumb Code     0  printf3.o(i.__0printf$3)
    __2printf                                0x08003ba5   Thumb Code     0  printf3.o(i.__0printf$3)
    __scatterload_copy                       0x08003bc5   Thumb Code    14  handlers.o(i.__scatterload_copy)
    __scatterload_null                       0x08003bd3   Thumb Code     2  handlers.o(i.__scatterload_null)
    __scatterload_zeroinit                   0x08003bd5   Thumb Code    14  handlers.o(i.__scatterload_zeroinit)
    etharp_arp_input                         0x08003db9   Thumb Code   364  etharp.o(i.etharp_arp_input)
    etharp_ip_input                          0x08003f85   Thumb Code    76  etharp.o(i.etharp_ip_input)
    etharp_output                            0x08004031   Thumb Code   190  etharp.o(i.etharp_output)
    etharp_query                             0x080040f5   Thumb Code   398  etharp.o(i.etharp_query)
    etharp_request                           0x08004375   Thumb Code    36  etharp.o(i.etharp_request)
    etharp_tmr                               0x080043f1   Thumb Code   154  etharp.o(i.etharp_tmr)
    ethernet_input                           0x08004491   Thumb Code   106  etharp.o(i.ethernet_input)
    ethernetif_init                          0x080044fd   Thumb Code    58  ethernetif.o(i.ethernetif_init)
    ethernetif_input                         0x08004541   Thumb Code    44  ethernetif.o(i.ethernetif_input)
    fputc                                    0x0800476d   Thumb Code    32  lwip.o(i.fputc)
    htonl                                    0x080047af   Thumb Code    26  inet.o(i.htonl)
    htons                                    0x080047c9   Thumb Code    12  inet.o(i.htons)
    icmp_dest_unreach                        0x080047d5   Thumb Code    18  icmp.o(i.icmp_dest_unreach)
    icmp_input                               0x080047e7   Thumb Code   428  icmp.o(i.icmp_input)
    icmp_time_exceeded                       0x08004a07   Thumb Code    18  icmp.o(i.icmp_time_exceeded)
    inet_chksum                              0x08004a19   Thumb Code    20  inet_chksum.o(i.inet_chksum)
    inet_chksum_pbuf                         0x08004a2d   Thumb Code    86  inet_chksum.o(i.inet_chksum_pbuf)
    inet_chksum_pseudo                       0x08004a83   Thumb Code   186  inet_chksum.o(i.inet_chksum_pseudo)
    ip_addr_isbroadcast                      0x08004b3d   Thumb Code    78  ip_addr.o(i.ip_addr_isbroadcast)
    ip_frag                                  0x08004b8d   Thumb Code   332  ip_frag.o(i.ip_frag)
    ip_input                                 0x08004cdd   Thumb Code   414  ip.o(i.ip_input)
    ip_output                                0x08004e89   Thumb Code    52  ip.o(i.ip_output)
    ip_output_if                             0x08004ebd   Thumb Code   280  ip.o(i.ip_output_if)
    ip_reass                                 0x08004fd9   Thumb Code   398  ip_frag.o(i.ip_reass)
    ip_reass_tmr                             0x08005451   Thumb Code    48  ip_frag.o(i.ip_reass_tmr)
    ip_route                                 0x08005485   Thumb Code    70  ip.o(i.ip_route)
    lwip_init                                0x080055ff   Thumb Code    20  init.o(i.lwip_init)
    lwip_socket_init                         0x08005615   Thumb Code    26  sockets.o(i.lwip_socket_init)
    main                                     0x08005689   Thumb Code    72  main.o(i.main)
    mem_free                                 0x080056e5   Thumb Code    82  mem.o(i.mem_free)
    mem_init                                 0x0800573d   Thumb Code    86  mem.o(i.mem_init)
    mem_malloc                               0x0800579d   Thumb Code   280  mem.o(i.mem_malloc)
    mem_realloc                              0x080058b9   Thumb Code   318  mem.o(i.mem_realloc)
    memp_free                                0x080059fd   Thumb Code    22  memp.o(i.memp_free)
    memp_init                                0x08005a19   Thumb Code    90  memp.o(i.memp_init)
    memp_malloc                              0x08005a7d   Thumb Code    56  memp.o(i.memp_malloc)
    netif_add                                0x08005b25   Thumb Code    96  netif.o(i.netif_add)
    netif_is_up                              0x08005b8d   Thumb Code    12  netif.o(i.netif_is_up)
    netif_set_addr                           0x08005b99   Thumb Code    40  netif.o(i.netif_set_addr)
    netif_set_default                        0x08005bc1   Thumb Code     6  netif.o(i.netif_set_default)
    netif_set_gw                             0x08005bcd   Thumb Code    12  netif.o(i.netif_set_gw)
    netif_set_ipaddr                         0x08005bd9   Thumb Code   126  netif.o(i.netif_set_ipaddr)
    netif_set_netmask                        0x08005c61   Thumb Code    12  netif.o(i.netif_set_netmask)
    netif_set_up                             0x08005c6d   Thumb Code    44  netif.o(i.netif_set_up)
    ntohl                                    0x08005c99   Thumb Code    12  inet.o(i.ntohl)
    ntohs                                    0x08005ca5   Thumb Code    12  inet.o(i.ntohs)
    pbuf_alloc                               0x08005cb1   Thumb Code   388  pbuf.o(i.pbuf_alloc)
    pbuf_cat                                 0x08005e35   Thumb Code    68  pbuf.o(i.pbuf_cat)
    pbuf_chain                               0x08005efd   Thumb Code    22  pbuf.o(i.pbuf_chain)
    pbuf_clen                                0x08005f13   Thumb Code    18  pbuf.o(i.pbuf_clen)
    pbuf_copy                                0x08005f25   Thumb Code   232  pbuf.o(i.pbuf_copy)
    pbuf_copy_partial                        0x080060b5   Thumb Code   186  pbuf.o(i.pbuf_copy_partial)
    pbuf_free                                0x08006201   Thumb Code    96  pbuf.o(i.pbuf_free)
    pbuf_header                              0x08006261   Thumb Code   146  pbuf.o(i.pbuf_header)
    pbuf_realloc                             0x08006361   Thumb Code   102  pbuf.o(i.pbuf_realloc)
    pbuf_ref                                 0x080063c7   Thumb Code    10  pbuf.o(i.pbuf_ref)
    raw_input                                0x0800644d   Thumb Code   100  raw.o(i.raw_input)
    sys_arch_mbox_fetch                      0x080064b5   Thumb Code   144  sys_arch.o(i.sys_arch_mbox_fetch)
    sys_arch_sem_wait                        0x08006549   Thumb Code   108  sys_arch.o(i.sys_arch_sem_wait)
    sys_arch_timeouts                        0x080065b5   Thumb Code    48  sys_arch.o(i.sys_arch_timeouts)
    sys_init                                 0x080065ed   Thumb Code    44  sys_arch.o(i.sys_init)
    sys_mbox_fetch                           0x08006625   Thumb Code   134  sys.o(i.sys_mbox_fetch)
    sys_mbox_new                             0x080066ad   Thumb Code    66  sys_arch.o(i.sys_mbox_new)
    sys_mbox_trypost                         0x080066f5   Thumb Code    30  sys_arch.o(i.sys_mbox_trypost)
    sys_sem_free                             0x08006719   Thumb Code    16  sys_arch.o(i.sys_sem_free)
    sys_sem_new                              0x08006729   Thumb Code    16  sys_arch.o(i.sys_sem_new)
    sys_sem_signal                           0x08006739   Thumb Code    12  sys_arch.o(i.sys_sem_signal)
    sys_sem_wait                             0x08006745   Thumb Code   122  sys.o(i.sys_sem_wait)
    sys_thread_new                           0x080067c1   Thumb Code   140  sys_arch.o(i.sys_thread_new)
    sys_timeout                              0x08006851   Thumb Code   188  sys.o(i.sys_timeout)
    sys_untimeout                            0x0800690d   Thumb Code   102  sys.o(i.sys_untimeout)
    tcp_abandon                              0x08006a45   Thumb Code   148  tcp.o(i.tcp_abandon)
    tcp_accept                               0x08006ae1   Thumb Code     4  tcp.o(i.tcp_accept)
    tcp_alloc                                0x08006aed   Thumb Code   170  tcp.o(i.tcp_alloc)
    tcp_bind                                 0x08006ba5   Thumb Code   258  tcp.o(i.tcp_bind)
    tcp_close                                0x08006d2d   Thumb Code   234  tcp.o(i.tcp_close)
    tcp_eff_send_mss                         0x08006e29   Thumb Code    46  tcp.o(i.tcp_eff_send_mss)
    tcp_enqueue                              0x08006e59   Thumb Code  1290  tcp_out.o(i.tcp_enqueue)
    tcp_fasttmr                              0x08007365   Thumb Code   114  tcp.o(i.tcp_fasttmr)
    tcp_input                                0x080073dd   Thumb Code  1182  tcp_in.o(i.tcp_input)
    tcp_keepalive                            0x08007889   Thumb Code    94  tcp_out.o(i.tcp_keepalive)
    tcp_listen_with_backlog                  0x08007ab5   Thumb Code   216  tcp.o(i.tcp_listen_with_backlog)
    tcp_new                                  0x08007c0d   Thumb Code    10  tcp.o(i.tcp_new)
    tcp_next_iss                             0x08007c91   Thumb Code    20  tcp.o(i.tcp_next_iss)
    tcp_output                               0x08007cad   Thumb Code   474  tcp_out.o(i.tcp_output)
    tcp_pcb_purge                            0x080080c1   Thumb Code    54  tcp.o(i.tcp_pcb_purge)
    tcp_pcb_remove                           0x080080f9   Thumb Code   128  tcp.o(i.tcp_pcb_remove)
    tcp_recv                                 0x08008d1d   Thumb Code     6  tcp.o(i.tcp_recv)
    tcp_recv_null                            0x08008d23   Thumb Code    46  tcp.o(i.tcp_recv_null)
    tcp_recved                               0x08008d51   Thumb Code    66  tcp.o(i.tcp_recved)
    tcp_rexmit                               0x08008d93   Thumb Code    78  tcp_out.o(i.tcp_rexmit)
    tcp_rexmit_fast                          0x08008de1   Thumb Code   114  tcp_out.o(i.tcp_rexmit_fast)
    tcp_rexmit_rto                           0x08008e53   Thumb Code    56  tcp_out.o(i.tcp_rexmit_rto)
    tcp_rst                                  0x08008e8b   Thumb Code   212  tcp_out.o(i.tcp_rst)
    tcp_seg_free                             0x08008f5f   Thumb Code    32  tcp.o(i.tcp_seg_free)
    tcp_segs_free                            0x08008f7f   Thumb Code    30  tcp.o(i.tcp_segs_free)
    tcp_send_ctrl                            0x08008f9d   Thumb Code    28  tcp_out.o(i.tcp_send_ctrl)
    tcp_send_empty_ack                       0x08008fb9   Thumb Code   112  tcp_out.o(i.tcp_send_empty_ack)
    tcp_setprio                              0x08009029   Thumb Code     4  tcp.o(i.tcp_setprio)
    tcp_slowtmr                              0x0800902d   Thumb Code   712  tcp.o(i.tcp_slowtmr)
    tcp_timer_needed                         0x0800930d   Thumb Code    38  tcpip.o(i.tcp_timer_needed)
    tcp_tmr                                  0x080093f5   Thumb Code    30  tcp.o(i.tcp_tmr)
    tcp_update_rcv_ann_wnd                   0x08009419   Thumb Code    72  tcp.o(i.tcp_update_rcv_ann_wnd)
    tcp_write                                0x08009461   Thumb Code    70  tcp_out.o(i.tcp_write)
    tcp_zero_window_probe                    0x080094a7   Thumb Code   184  tcp_out.o(i.tcp_zero_window_probe)
    tcpip_init                               0x08009561   Thumb Code    50  tcpip.o(i.tcpip_init)
    tcpip_input                              0x080095ad   Thumb Code    72  tcpip.o(i.tcpip_input)
    udp_input                                0x08009709   Thumb Code   420  udp.o(i.udp_input)
    OSDebugEn                                0x080099a4   Data           2  os_dbg.o(.constdata)
    OSEndiannessTest                         0x080099a8   Data           4  os_dbg.o(.constdata)
    OSEventEn                                0x080099ac   Data           2  os_dbg.o(.constdata)
    OSEventMax                               0x080099ae   Data           2  os_dbg.o(.constdata)
    OSEventNameEn                            0x080099b0   Data           2  os_dbg.o(.constdata)
    OSEventSize                              0x080099b2   Data           2  os_dbg.o(.constdata)
    OSEventTblSize                           0x080099b4   Data           2  os_dbg.o(.constdata)
    OSEventMultiEn                           0x080099b6   Data           2  os_dbg.o(.constdata)
    OSFlagEn                                 0x080099b8   Data           2  os_dbg.o(.constdata)
    OSFlagGrpSize                            0x080099ba   Data           2  os_dbg.o(.constdata)
    OSFlagNodeSize                           0x080099bc   Data           2  os_dbg.o(.constdata)
    OSFlagWidth                              0x080099be   Data           2  os_dbg.o(.constdata)
    OSFlagMax                                0x080099c0   Data           2  os_dbg.o(.constdata)
    OSFlagNameEn                             0x080099c2   Data           2  os_dbg.o(.constdata)
    OSLowestPrio                             0x080099c4   Data           2  os_dbg.o(.constdata)
    OSMboxEn                                 0x080099c6   Data           2  os_dbg.o(.constdata)
    OSMemEn                                  0x080099c8   Data           2  os_dbg.o(.constdata)
    OSMemMax                                 0x080099ca   Data           2  os_dbg.o(.constdata)
    OSMemNameEn                              0x080099cc   Data           2  os_dbg.o(.constdata)
    OSMemSize                                0x080099ce   Data           2  os_dbg.o(.constdata)
    OSMemTblSize                             0x080099d0   Data           2  os_dbg.o(.constdata)
    OSMutexEn                                0x080099d2   Data           2  os_dbg.o(.constdata)
    OSPtrSize                                0x080099d4   Data           2  os_dbg.o(.constdata)
    OSQEn                                    0x080099d6   Data           2  os_dbg.o(.constdata)
    OSQMax                                   0x080099d8   Data           2  os_dbg.o(.constdata)
    OSQSize                                  0x080099da   Data           2  os_dbg.o(.constdata)
    OSRdyTblSize                             0x080099dc   Data           2  os_dbg.o(.constdata)
    OSSemEn                                  0x080099de   Data           2  os_dbg.o(.constdata)
    OSStkWidth                               0x080099e0   Data           2  os_dbg.o(.constdata)
    OSTaskCreateEn                           0x080099e2   Data           2  os_dbg.o(.constdata)
    OSTaskCreateExtEn                        0x080099e4   Data           2  os_dbg.o(.constdata)
    OSTaskDelEn                              0x080099e6   Data           2  os_dbg.o(.constdata)
    OSTaskIdleStkSize                        0x080099e8   Data           2  os_dbg.o(.constdata)
    OSTaskProfileEn                          0x080099ea   Data           2  os_dbg.o(.constdata)
    OSTaskMax                                0x080099ec   Data           2  os_dbg.o(.constdata)
    OSTaskNameEn                             0x080099ee   Data           2  os_dbg.o(.constdata)
    OSTaskStatEn                             0x080099f0   Data           2  os_dbg.o(.constdata)
    OSTaskStatStkSize                        0x080099f2   Data           2  os_dbg.o(.constdata)
    OSTaskStatStkChkEn                       0x080099f4   Data           2  os_dbg.o(.constdata)
    OSTaskSwHookEn                           0x080099f6   Data           2  os_dbg.o(.constdata)
    OSTaskRegTblSize                         0x080099f8   Data           2  os_dbg.o(.constdata)
    OSTCBPrioTblMax                          0x080099fa   Data           2  os_dbg.o(.constdata)
    OSTCBSize                                0x080099fc   Data           2  os_dbg.o(.constdata)
    OSTicksPerSec                            0x080099fe   Data           2  os_dbg.o(.constdata)
    OSTimeTickHookEn                         0x08009a00   Data           2  os_dbg.o(.constdata)
    OSVersionNbr                             0x08009a02   Data           2  os_dbg.o(.constdata)
    OSTmrEn                                  0x08009a04   Data           2  os_dbg.o(.constdata)
    OSTmrCfgMax                              0x08009a06   Data           2  os_dbg.o(.constdata)
    OSTmrCfgNameEn                           0x08009a08   Data           2  os_dbg.o(.constdata)
    OSTmrCfgWheelSize                        0x08009a0a   Data           2  os_dbg.o(.constdata)
    OSTmrCfgTicksPerSec                      0x08009a0c   Data           2  os_dbg.o(.constdata)
    OSTmrSize                                0x08009a0e   Data           2  os_dbg.o(.constdata)
    OSTmrTblSize                             0x08009a10   Data           2  os_dbg.o(.constdata)
    OSTmrWheelSize                           0x08009a12   Data           2  os_dbg.o(.constdata)
    OSTmrWheelTblSize                        0x08009a14   Data           2  os_dbg.o(.constdata)
    OSDataSize                               0x08009a16   Data           2  os_dbg.o(.constdata)
    OSUnMapTbl                               0x08009a18   Data         256  os_core.o(.constdata)
    tcp_backoff                              0x08009b50   Data          13  tcp.o(.constdata)
    tcp_persist_backoff                      0x08009b5d   Data           7  tcp.o(.constdata)
    ip_addr_any                              0x08009bb5   Data           4  ip_addr.o(.constdata)
    ip_addr_broadcast                        0x08009bb9   Data           4  ip_addr.o(.constdata)
    ethbroadcast                             0x08009bbd   Data           6  etharp.o(.constdata)
    ethzero                                  0x08009bc3   Data           6  etharp.o(.constdata)
    pvNullPointer                            0x08009bcc   Data           4  sys_arch.o(.constdata)
    Region$$Table$$Base                      0x08009c38   Number         0  anon$$obj.o(Region$$Table)
    Region$$Table$$Limit                     0x08009c58   Number         0  anon$$obj.o(Region$$Table)
    SCI_receive_counter                      0x20000000   Data           1  sci.o(.data)
    rs485_time_out_flag                      0x20000004   Data           4  sci.o(.data)
    rs485_timer_counter                      0x20000008   Data           4  sci.o(.data)
    rs485_start_time_flag                    0x2000000c   Data           1  sci.o(.data)
    rs232_time_out_flag                      0x20000010   Data           4  sci.o(.data)
    rs232_timer_counter                      0x20000014   Data           4  sci.o(.data)
    rs232_start_time_flag                    0x20000018   Data           1  sci.o(.data)
    sem_RS232_rec_flag                       0x2000001c   Data           4  uctsk_tcp_client.o(.data)
    sem_RS485_rec_flag                       0x20000020   Data           4  uctsk_tcp_client.o(.data)
    TCP_RS485_flag                           0x20000024   Data           1  tcp_to_rs232_485.o(.data)
    TCP_RS232_flag                           0x20000025   Data           1  tcp_to_rs232_485.o(.data)
    TCP_CAN1_flag                            0x20000026   Data           1  tcp_to_rs232_485.o(.data)
    TCP_CAN2_flag                            0x20000027   Data           1  tcp_to_rs232_485.o(.data)
    RS232_send_lenth                         0x20000028   Data           4  tcp_to_rs232_485.o(.data)
    RS485_send_lenth                         0x2000002c   Data           4  tcp_to_rs232_485.o(.data)
    CAN1_send_lenth                          0x20000030   Data           4  tcp_to_rs232_485.o(.data)
    CAN2_send_lenth                          0x20000034   Data           4  tcp_to_rs232_485.o(.data)
    RS232_REC_Flag                           0x20000038   Data           1  tcp_to_rs232_485.o(.data)
    RS485_REC_Flag                           0x20000039   Data           1  tcp_to_rs232_485.o(.data)
    CAN1_REC_Flag                            0x2000003a   Data           1  tcp_to_rs232_485.o(.data)
    CAN2_REC_Flag                            0x2000003b   Data           1  tcp_to_rs232_485.o(.data)
    RS232_rec_counter                        0x2000003c   Data           1  tcp_to_rs232_485.o(.data)
    RS485_rec_counter                        0x2000003d   Data           1  tcp_to_rs232_485.o(.data)
    CAN1_rec_counter                         0x2000003e   Data           1  tcp_to_rs232_485.o(.data)
    CAN2_rec_counter                         0x2000003f   Data           1  tcp_to_rs232_485.o(.data)
    RS232_rec_buf                            0x20000040   Data        2048  tcp_to_rs232_485.o(.data)
    RS232_REC_time_counter                   0x20000840   Data           4  tcp_to_rs232_485.o(.data)
    RS485_REC_time_counter                   0x20000844   Data           4  tcp_to_rs232_485.o(.data)
    RS232_TCP_send_counter                   0x20000848   Data           1  tcp_to_rs232_485.o(.data)
    RS485_TCP_send_counter                   0x20000849   Data           1  tcp_to_rs232_485.o(.data)
    RS232_485_can_send_lenth                 0x2000084c   Data           4  tcp_to_rs232_485.o(.data)
    RS232_pcb                                0x20000850   Data           4  tcp_to_rs232_485.o(.data)
    RS485_pcb                                0x20000854   Data           4  tcp_to_rs232_485.o(.data)
    RS232_send_data                          0x20000858   Data           4  tcp_to_rs232_485.o(.data)
    RS485_send_data                          0x2000085c   Data           4  tcp_to_rs232_485.o(.data)
    CAN1_send_data                           0x20000860   Data           4  tcp_to_rs232_485.o(.data)
    CAN2_send_data                           0x20000864   Data           4  tcp_to_rs232_485.o(.data)
    DMATxDescToSet                           0x2000087c   Data           4  stm32_eth.o(.data)
    DMARxDescToGet                           0x20000880   Data           4  stm32_eth.o(.data)
    DMAPTPTxDescToSet                        0x20000884   Data           4  stm32_eth.o(.data)
    DMAPTPRxDescToGet                        0x20000888   Data           4  stm32_eth.o(.data)
    SystemCoreClock                          0x2000088c   Data           4  system_stm32f10x.o(.data)
    AHBPrescTable                            0x20000890   Data          16  system_stm32f10x.o(.data)
    OSCtxSwCtr                               0x200008a4   Data           4  os_core.o(.data)
    OSEventFreeList                          0x200008a8   Data           4  os_core.o(.data)
    OSFlagFreeList                           0x200008ac   Data           4  os_core.o(.data)
    OSCPUUsage                               0x200008b0   Data           1  os_core.o(.data)
    OSIdleCtrMax                             0x200008b4   Data           4  os_core.o(.data)
    OSIdleCtrRun                             0x200008b8   Data           4  os_core.o(.data)
    OSStatRdy                                0x200008bc   Data           1  os_core.o(.data)
    OSIntNesting                             0x200008bd   Data           1  os_core.o(.data)
    OSLockNesting                            0x200008be   Data           1  os_core.o(.data)
    OSPrioCur                                0x200008bf   Data           1  os_core.o(.data)
    OSPrioHighRdy                            0x200008c0   Data           1  os_core.o(.data)
    OSRdyGrp                                 0x200008c1   Data           1  os_core.o(.data)
    OSRdyTbl                                 0x200008c2   Data           8  os_core.o(.data)
    OSRunning                                0x200008ca   Data           1  os_core.o(.data)
    OSTaskCtr                                0x200008cb   Data           1  os_core.o(.data)
    OSIdleCtr                                0x200008cc   Data           4  os_core.o(.data)
    OSTCBCur                                 0x200008d0   Data           4  os_core.o(.data)
    OSTCBFreeList                            0x200008d4   Data           4  os_core.o(.data)
    OSTCBHighRdy                             0x200008d8   Data           4  os_core.o(.data)
    OSTCBList                                0x200008dc   Data           4  os_core.o(.data)
    OSTickStepState                          0x200008e0   Data           1  os_core.o(.data)
    OSMemFreeList                            0x200008e4   Data           4  os_core.o(.data)
    OSQFreeList                              0x200008e8   Data           4  os_core.o(.data)
    OSTime                                   0x200008ec   Data           4  os_core.o(.data)
    OSTmrFree                                0x200008f0   Data           2  os_core.o(.data)
    OSTmrUsed                                0x200008f2   Data           2  os_core.o(.data)
    OSTmrTime                                0x200008f4   Data           4  os_core.o(.data)
    OSTmrSem                                 0x200008f8   Data           4  os_core.o(.data)
    OSTmrSemSignal                           0x200008fc   Data           4  os_core.o(.data)
    OSTmrFreeList                            0x20000900   Data           4  os_core.o(.data)
    netif_list                               0x20000918   Data           4  netif.o(.data)
    netif_default                            0x2000091c   Data           4  netif.o(.data)
    tcp_state_str                            0x20000924   Data          44  tcp.o(.data)
    tcp_ticks                                0x20000958   Data           4  tcp.o(.data)
    tcp_bound_pcbs                           0x2000095c   Data           4  tcp.o(.data)
    tcp_listen_pcbs                          0x20000960   Data           4  tcp.o(.data)
    tcp_active_pcbs                          0x20000964   Data           4  tcp.o(.data)
    tcp_tw_pcbs                              0x20000968   Data           4  tcp.o(.data)
    tcp_tmp_pcb                              0x2000096c   Data           4  tcp.o(.data)
    tcp_input_pcb                            0x20000990   Data           4  tcp_in.o(.data)
    udp_pcbs                                 0x20000994   Data           4  udp.o(.data)
    current_netif                            0x2000099c   Data           4  ip.o(.data)
    current_header                           0x200009a0   Data           4  ip.o(.data)
    null_timeouts                            0x200009b0   Data           4  sys_arch.o(.data)
    DMATxDesc                                0x200009b4   Data           4  ethernetif.o(.data)
    MACaddr                                  0x200009b8   Data           6  ethernetif.o(.data)
    __stdout                                 0x200009dc   Data           4  stdout.o(.data)
    RS485_rec_buf                            0x200013e0   Data        2048  tcp_to_rs232_485.o(.bss)
    RS232_485_can_send_data                  0x20001be0   Data         100  tcp_to_rs232_485.o(.bss)
    OSEventTbl                               0x20001c44   Data         480  os_core.o(.bss)
    OSFlagTbl                                0x20001e24   Data          80  os_core.o(.bss)
    OSTaskStatStk                            0x20001e74   Data         256  os_core.o(.bss)
    OSTaskIdleStk                            0x20001f74   Data         128  os_core.o(.bss)
    OSTCBPrioTbl                             0x20001ff4   Data         256  os_core.o(.bss)
    OSTCBTbl                                 0x200020f4   Data        1936  os_core.o(.bss)
    OSMemTbl                                 0x20002884   Data         120  os_core.o(.bss)
    OSQTbl                                   0x200028fc   Data          96  os_core.o(.bss)
    OSTmrTbl                                 0x2000295c   Data         640  os_core.o(.bss)
    OSTmrTaskStk                             0x20002bdc   Data         256  os_core.o(.bss)
    OSTmrWheelTbl                            0x20002cdc   Data          64  os_core.o(.bss)
    LWIP_TASK_STK                            0x20009fd4   Data        3600  sys_arch.o(.bss)
    lwip_timeouts                            0x2000b130   Data          12  sys_arch.o(.bss)
    DMARxDscrTab                             0x2000b13c   Data          64  ethernetif.o(.bss)
    DMATxDscrTab                             0x2000b17c   Data          32  ethernetif.o(.bss)
    Rx_Buff                                  0x2000b19c   Data        6080  ethernetif.o(.bss)
    Tx_Buff                                  0x2000c95c   Data        3040  ethernetif.o(.bss)
    __initial_sp                             0x2000dd40   Data           0  startup_stm32f10x_cl.o(STACK)



==============================================================================

Memory Map of the image

  Image Entry point : 0x08000151

  Load Region LR_IROM1 (Base: 0x08000000, Size: 0x0000a638, Max: 0x00040000, ABSOLUTE, COMPRESSED[0x00009cb8])

    Execution Region ER_IROM1 (Base: 0x08000000, Size: 0x00009c58, Max: 0x00040000, ABSOLUTE)

    Base Addr    Size         Type   Attr      Idx    E Section Name        Object

    0x08000000   0x00000150   Data   RO         4382    RESET               startup_stm32f10x_cl.o
    0x08000150   0x00000000   Code   RO         7827  * .ARM.Collect$$$$00000000  entry.o(mc_w.l)
    0x08000150   0x00000004   Code   RO         8099    .ARM.Collect$$$$00000001  entry2.o(mc_w.l)
    0x08000154   0x00000004   Code   RO         8102    .ARM.Collect$$$$00000004  entry5.o(mc_w.l)
    0x08000158   0x00000008   Code   RO         8103    .ARM.Collect$$$$00000007  entry7.o(mc_w.l)
    0x08000160   0x00000004   Code   RO         8100    .ARM.Collect$$$$00002712  entry2.o(mc_w.l)
    0x08000164   0x00000024   Code   RO         4383    .text               startup_stm32f10x_cl.o
    0x08000188   0x000000a4   Code   RO         4500    .text               os_cpu_a.o
    0x0800022c   0x0000002a   Code   RO         5395    .text               cpu_a.o
    0x08000256   0x00000024   Code   RO         7830    .text               memcpya.o(mc_w.l)
    0x0800027a   0x00000026   Code   RO         7832    .text               memseta.o(mc_w.l)
    0x080002a0   0x0000002c   Code   RO         8105    .text               uidiv.o(mc_w.l)
    0x080002cc   0x00000024   Code   RO         8120    .text               init.o(mc_w.l)
    0x080002f0   0x00000058   Code   RO         8136    .text               __dczerorl2.o(mc_w.l)
    0x08000348   0x00000002   Code   RO         5293    i.App_TCBInitHook   os_apphooks.o
    0x0800034a   0x00000002   PAD
    0x0800034c   0x00000074   Code   RO          301    i.App_TCP_client_taskCreate  uctsk_tcp_client.o
    0x080003c0   0x0000003c   Code   RO          390    i.App_TCP_server_taskCreate  uctsk_tcp_sever.o
    0x080003fc   0x0000000c   Code   RO            1    i.App_TaskCreate    main.o
    0x08000408   0x00000002   Code   RO         5294    i.App_TaskCreateHook  os_apphooks.o
    0x0800040a   0x00000002   Code   RO         5296    i.App_TaskIdleHook  os_apphooks.o
    0x0800040c   0x00000034   Code   RO            2    i.App_TaskStart     main.o
    0x08000440   0x00000002   Code   RO         5298    i.App_TaskStatHook  os_apphooks.o
    0x08000442   0x00000002   Code   RO         5299    i.App_TaskSwHook    os_apphooks.o
    0x08000444   0x00000002   Code   RO         5300    i.App_TimeTickHook  os_apphooks.o
    0x08000446   0x00000004   Code   RO          203    i.BusFault_Handler  stm32f10x_it.o
    0x0800044a   0x00000002   Code   RO          204    i.DebugMon_Handler  stm32f10x_it.o
    0x0800044c   0x0000000c   Code   RO         3729    i.ETH_DMAClearITPendingBit  stm32_eth.o
    0x08000458   0x00000020   Code   RO         3730    i.ETH_DMAITConfig   stm32_eth.o
    0x08000478   0x00000024   Code   RO         3733    i.ETH_DMAReceptionCmd  stm32_eth.o
    0x0800049c   0x00000050   Code   RO         3734    i.ETH_DMARxDescChainInit  stm32_eth.o
    0x080004ec   0x00000016   Code   RO         3736    i.ETH_DMARxDescReceiveITConfig  stm32_eth.o
    0x08000502   0x00000002   PAD
    0x08000504   0x00000024   Code   RO         3739    i.ETH_DMATransmissionCmd  stm32_eth.o
    0x08000528   0x0000004c   Code   RO         3742    i.ETH_DMATxDescChainInit  stm32_eth.o
    0x08000574   0x00000016   Code   RO         3751    i.ETH_DeInit        stm32_eth.o
    0x0800058a   0x0000000e   Code   RO         3752    i.ETH_Delay         stm32_eth.o
    0x08000598   0x00000014   Code   RO         3757    i.ETH_FlushTransmitFIFO  stm32_eth.o
    0x080005ac   0x0000000c   Code   RO         7087    i.ETH_GetCurrentTxBuffer  ethernetif.o
    0x080005b8   0x0000000a   Code   RO         3768    i.ETH_GetDMARxDescFrameLength  stm32_eth.o
    0x080005c2   0x00000002   PAD
    0x080005c4   0x00000048   Code   RO         3783    i.ETH_GetRxPktSize  stm32_eth.o
    0x0800060c   0x00000018   Code   RO         3784    i.ETH_GetSoftwareResetStatus  stm32_eth.o
    0x08000624   0x00000044   Code   RO         6856    i.ETH_IRQHandler    lwip.o
    0x08000668   0x00000248   Code   RO         3791    i.ETH_Init          stm32_eth.o
    0x080008b0   0x00000034   Code   RO         3794    i.ETH_MACAddressConfig  stm32_eth.o
    0x080008e4   0x00000024   Code   RO         3799    i.ETH_MACReceptionCmd  stm32_eth.o
    0x08000908   0x00000024   Code   RO         3800    i.ETH_MACTransmissionCmd  stm32_eth.o
    0x0800092c   0x0000003c   Code   RO         3811    i.ETH_ReadPHYRegister  stm32_eth.o
    0x08000968   0x000000a0   Code   RO         7088    i.ETH_RxPkt_ChainMode  ethernetif.o
    0x08000a08   0x00000014   Code   RO         3822    i.ETH_SoftwareReset  stm32_eth.o
    0x08000a1c   0x00000020   Code   RO         3823    i.ETH_Start         stm32_eth.o
    0x08000a3c   0x000000a4   Code   RO         3824    i.ETH_StructInit    stm32_eth.o
    0x08000ae0   0x00000068   Code   RO         7089    i.ETH_TxPkt_ChainMode  ethernetif.o
    0x08000b48   0x0000005c   Code   RO         3826    i.ETH_WritePHYRegister  stm32_eth.o
    0x08000ba4   0x000000a0   Code   RO         6857    i.Ethernet_Configuration  lwip.o
    0x08000c44   0x00000110   Code   RO         6858    i.Ethernet_Initialize  lwip.o
    0x08000d54   0x0000000c   Code   RO          909    i.GPIO_ETH_MediaInterfaceConfig  stm32f10x_gpio.o
    0x08000d60   0x0000010c   Code   RO          913    i.GPIO_Init         stm32f10x_gpio.o
    0x08000e6c   0x0000008c   Code   RO          915    i.GPIO_PinRemapConfig  stm32f10x_gpio.o
    0x08000ef8   0x00000004   Code   RO          920    i.GPIO_ResetBits    stm32f10x_gpio.o
    0x08000efc   0x00000004   Code   RO          921    i.GPIO_SetBits      stm32f10x_gpio.o
    0x08000f00   0x00000004   Code   RO          205    i.HardFault_Handler  stm32f10x_it.o
    0x08000f04   0x00000098   Code   RO         6859    i.Init_lwIP         lwip.o
    0x08000f9c   0x0000002c   Code   RO          179    i.LED_GPIO_Configuration  uctsk_blink.o
    0x08000fc8   0x00000004   Code   RO          206    i.MemManage_Handler  stm32f10x_it.o
    0x08000fcc   0x00000002   Code   RO          207    i.NMI_Handler       stm32f10x_it.o
    0x08000fce   0x000000c4   Code   RO          509    i.NVIC_Configuration  stm32f107.o
    0x08001092   0x00000002   PAD
    0x08001094   0x00000074   Code   RO          694    i.NVIC_Init         misc.o
    0x08001108   0x00000014   Code   RO          695    i.NVIC_PriorityGroupConfig  misc.o
    0x0800111c   0x00000014   Code   RO          696    i.NVIC_SetVectorTable  misc.o
    0x08001130   0x0000015c   Code   RO         4388    i.OSDebugInit       os_dbg.o
    0x0800128c   0x00000068   Code   RO         4504    i.OSEventNameSet    os_core.o
    0x080012f4   0x00000038   Code   RO         4506    i.OSInit            os_core.o
    0x0800132c   0x0000000c   Code   RO         4403    i.OSInitHookBegin   os_cpu_c.o
    0x08001338   0x00000002   Code   RO         4404    i.OSInitHookEnd     os_cpu_c.o
    0x0800133a   0x00000002   PAD
    0x0800133c   0x00000090   Code   RO         4508    i.OSIntExit         os_core.o
    0x080013cc   0x000000b4   Code   RO         4850    i.OSMemCreate       os_mem.o
    0x08001480   0x00000048   Code   RO         4851    i.OSMemGet          os_mem.o
    0x080014c8   0x00000042   Code   RO         4854    i.OSMemPut          os_mem.o
    0x0800150a   0x00000002   PAD
    0x0800150c   0x000000a4   Code   RO         4946    i.OSQCreate         os_q.o
    0x080015b0   0x00000140   Code   RO         4949    i.OSQPend           os_q.o
    0x080016f0   0x00000078   Code   RO         4951    i.OSQPost           os_q.o
    0x08001768   0x00000040   Code   RO         4509    i.OSSchedLock       os_core.o
    0x080017a8   0x00000060   Code   RO         4510    i.OSSchedUnlock     os_core.o
    0x08001808   0x00000054   Code   RO         5018    i.OSSemCreate       os_sem.o
    0x0800185c   0x000000e4   Code   RO         5019    i.OSSemDel          os_sem.o
    0x08001940   0x000000f8   Code   RO         5020    i.OSSemPend         os_sem.o
    0x08001a38   0x0000005e   Code   RO         5022    i.OSSemPost         os_sem.o
    0x08001a96   0x00000002   PAD
    0x08001a98   0x00000048   Code   RO         4511    i.OSStart           os_core.o
    0x08001ae0   0x0000004c   Code   RO         4512    i.OSStatInit        os_core.o
    0x08001b2c   0x0000000c   Code   RO         4405    i.OSTCBInitHook     os_cpu_c.o
    0x08001b38   0x000000a8   Code   RO         5072    i.OSTaskCreate      os_task.o
    0x08001be0   0x000000c4   Code   RO         5073    i.OSTaskCreateExt   os_task.o
    0x08001ca4   0x0000000c   Code   RO         4406    i.OSTaskCreateHook  os_cpu_c.o
    0x08001cb0   0x00000008   Code   RO         4408    i.OSTaskIdleHook    os_cpu_c.o
    0x08001cb8   0x00000084   Code   RO         5077    i.OSTaskNameSet     os_task.o
    0x08001d3c   0x0000006c   Code   RO         5078    i.OSTaskQuery       os_task.o
    0x08001da8   0x00000008   Code   RO         4409    i.OSTaskStatHook    os_cpu_c.o
    0x08001db0   0x000000a0   Code   RO         5082    i.OSTaskStkChk      os_task.o
    0x08001e50   0x0000009a   Code   RO         4410    i.OSTaskStkInit     os_cpu_c.o
    0x08001eea   0x00000002   PAD
    0x08001eec   0x000000c4   Code   RO         5083    i.OSTaskSuspend     os_task.o
    0x08001fb0   0x00000008   Code   RO         4411    i.OSTaskSwHook      os_cpu_c.o
    0x08001fb8   0x00000080   Code   RO         5167    i.OSTimeDly         os_time.o
    0x08002038   0x00000084   Code   RO         5168    i.OSTimeDlyHMSM     os_time.o
    0x080020bc   0x0000001c   Code   RO         5170    i.OSTimeGet         os_time.o
    0x080020d8   0x000000e8   Code   RO         4513    i.OSTimeTick        os_core.o
    0x080021c0   0x00000028   Code   RO         4412    i.OSTimeTickHook    os_cpu_c.o
    0x080021e8   0x00000014   Code   RO         5207    i.OSTmrSignal       os_tmr.o
    0x080021fc   0x000000f4   Code   RO         5213    i.OSTmr_Init        os_tmr.o
    0x080022f0   0x00000050   Code   RO         5214    i.OSTmr_InitTask    os_tmr.o
    0x08002340   0x0000006c   Code   RO         5215    i.OSTmr_Link        os_tmr.o
    0x080023ac   0x00000084   Code   RO         5216    i.OSTmr_Task        os_tmr.o
    0x08002430   0x00000044   Code   RO         5217    i.OSTmr_Unlink      os_tmr.o
    0x08002474   0x00000064   Code   RO         4415    i.OS_CPU_SysTickInit  os_cpu_c.o
    0x080024d8   0x000000a8   Code   RO         4516    i.OS_EventTaskRdy   os_core.o
    0x08002580   0x00000030   Code   RO         4517    i.OS_EventTaskRemove  os_core.o
    0x080025b0   0x0000004e   Code   RO         4518    i.OS_EventTaskRemoveMulti  os_core.o
    0x080025fe   0x00000002   PAD
    0x08002600   0x00000084   Code   RO         4519    i.OS_EventTaskWait  os_core.o
    0x08002684   0x0000001a   Code   RO         4521    i.OS_EventWaitListInit  os_core.o
    0x0800269e   0x00000002   PAD
    0x080026a0   0x00000058   Code   RO         4724    i.OS_FlagInit       os_flag.o
    0x080026f8   0x00000060   Code   RO         4522    i.OS_InitEventList  os_core.o
    0x08002758   0x00000054   Code   RO         4523    i.OS_InitMisc       os_core.o
    0x080027ac   0x00000044   Code   RO         4524    i.OS_InitRdyList    os_core.o
    0x080027f0   0x00000080   Code   RO         4525    i.OS_InitTCBList    os_core.o
    0x08002870   0x00000050   Code   RO         4526    i.OS_InitTaskIdle   os_core.o
    0x080028c0   0x00000050   Code   RO         4527    i.OS_InitTaskStat   os_core.o
    0x08002910   0x00000012   Code   RO         4528    i.OS_MemClr         os_core.o
    0x08002922   0x00000014   Code   RO         4529    i.OS_MemCopy        os_core.o
    0x08002936   0x00000002   PAD
    0x08002938   0x00000058   Code   RO         4856    i.OS_MemInit        os_mem.o
    0x08002990   0x00000050   Code   RO         4955    i.OS_QInit          os_q.o
    0x080029e0   0x00000074   Code   RO         4530    i.OS_Sched          os_core.o
    0x08002a54   0x0000002c   Code   RO         4531    i.OS_SchedNew       os_core.o
    0x08002a80   0x00000178   Code   RO         4533    i.OS_TCBInit        os_core.o
    0x08002bf8   0x00000028   Code   RO         4534    i.OS_TaskIdle       os_core.o
    0x08002c20   0x0000008c   Code   RO         4535    i.OS_TaskStat       os_core.o
    0x08002cac   0x0000003c   Code   RO         4536    i.OS_TaskStatStkChk  os_core.o
    0x08002ce8   0x0000001a   Code   RO         5085    i.OS_TaskStkClr     os_task.o
    0x08002d02   0x00000002   PAD
    0x08002d04   0x00000020   Code   RO         1022    i.RCC_AHBPeriphClockCmd  stm32f10x_rcc.o
    0x08002d24   0x00000020   Code   RO         1023    i.RCC_AHBPeriphResetCmd  stm32f10x_rcc.o
    0x08002d44   0x00000020   Code   RO         1024    i.RCC_APB1PeriphClockCmd  stm32f10x_rcc.o
    0x08002d64   0x00000020   Code   RO         1025    i.RCC_APB1PeriphResetCmd  stm32f10x_rcc.o
    0x08002d84   0x00000020   Code   RO         1026    i.RCC_APB2PeriphClockCmd  stm32f10x_rcc.o
    0x08002da4   0x00000020   Code   RO         1027    i.RCC_APB2PeriphResetCmd  stm32f10x_rcc.o
    0x08002dc4   0x0000018c   Code   RO         1034    i.RCC_GetClocksFreq  stm32f10x_rcc.o
    0x08002f50   0x0000003c   Code   RO         1035    i.RCC_GetFlagStatus  stm32f10x_rcc.o
    0x08002f8c   0x0000000c   Code   RO         1046    i.RCC_MCOConfig     stm32f10x_rcc.o
    0x08002f98   0x0000000c   Code   RO         1052    i.RCC_PLL3Cmd       stm32f10x_rcc.o
    0x08002fa4   0x00000014   Code   RO         1053    i.RCC_PLL3Config    stm32f10x_rcc.o
    0x08002fb8   0x00000028   Code   RO          409    i.RS232_Send_Data   tcp_to_rs232_485.o
    0x08002fe0   0x00000060   Code   RO          302    i.RS232_to_TCP_task  uctsk_tcp_client.o
    0x08003040   0x00000058   Code   RO          410    i.RS485_Send_Data   tcp_to_rs232_485.o
    0x08003098   0x0000006c   Code   RO          303    i.RS485_to_TCP_task  uctsk_tcp_client.o
    0x08003104   0x00000002   Code   RO          208    i.SVC_Handler       stm32f10x_it.o
    0x08003106   0x00000008   Code   RO         4346    i.SetSysClock       system_stm32f10x.o
    0x0800310e   0x00000002   PAD
    0x08003110   0x00000100   Code   RO         4347    i.SetSysClockTo72   system_stm32f10x.o
    0x08003210   0x0000002c   Code   RO         7090    i.Set_MAC_Address   ethernetif.o
    0x0800323c   0x00000028   Code   RO          209    i.SysTick_Handler   stm32f10x_it.o
    0x08003264   0x0000006c   Code   RO         4349    i.SystemInit        system_stm32f10x.o
    0x080032d0   0x00000058   Code   RO          411    i.TCP_server_init   tcp_to_rs232_485.o
    0x08003328   0x00000016   Code   RO          391    i.TCP_server_task   uctsk_tcp_sever.o
    0x0800333e   0x00000002   PAD
    0x08003340   0x000000b4   Code   RO          510    i.TIM2_IRQHandler   stm32f107.o
    0x080033f4   0x00000006   Code   RO         2952    i.TIM_ClearFlag     stm32f10x_tim.o
    0x080033fa   0x00000006   Code   RO         2953    i.TIM_ClearITPendingBit  stm32f10x_tim.o
    0x08003400   0x00000018   Code   RO         2958    i.TIM_Cmd           stm32f10x_tim.o
    0x08003418   0x00000052   Code   RO          511    i.TIM_Configuration  stm32f107.o
    0x0800346a   0x00000002   PAD
    0x0800346c   0x000001e8   Code   RO         2963    i.TIM_DeInit        stm32f10x_tim.o
    0x08003654   0x00000022   Code   RO         2979    i.TIM_GetITStatus   stm32f10x_tim.o
    0x08003676   0x00000018   Code   RO         2983    i.TIM_ITConfig      stm32f10x_tim.o
    0x0800368e   0x00000002   PAD
    0x08003690   0x000000a4   Code   RO         3029    i.TIM_TimeBaseInit  stm32f10x_tim.o
    0x08003734   0x00000010   Code   RO         6860    i.TcpipInitDone     lwip.o
    0x08003744   0x000000a0   Code   RO          263    i.USART1_IRQHandler  sci.o
    0x080037e4   0x000000a0   Code   RO          264    i.USART2_IRQHandler  sci.o
    0x08003884   0x0000001e   Code   RO         3491    i.USART_ClearITPendingBit  stm32f10x_usart.o
    0x080038a2   0x00000018   Code   RO         3494    i.USART_Cmd         stm32f10x_usart.o
    0x080038ba   0x00000002   PAD
    0x080038bc   0x0000014c   Code   RO          265    i.USART_Configuration  sci.o
    0x08003a08   0x0000001a   Code   RO         3497    i.USART_GetFlagStatus  stm32f10x_usart.o
    0x08003a22   0x00000054   Code   RO         3498    i.USART_GetITStatus  stm32f10x_usart.o
    0x08003a76   0x00000048   Code   RO         3500    i.USART_ITConfig    stm32f10x_usart.o
    0x08003abe   0x00000002   PAD
    0x08003ac0   0x000000d8   Code   RO         3501    i.USART_Init        stm32f10x_usart.o
    0x08003b98   0x00000008   Code   RO         3511    i.USART_SendData    stm32f10x_usart.o
    0x08003ba0   0x00000004   Code   RO          210    i.UsageFault_Handler  stm32f10x_it.o
    0x08003ba4   0x00000020   Code   RO         7927    i.__0printf$3       printf3.o(mc_w.l)
    0x08003bc4   0x0000000e   Code   RO         8130    i.__scatterload_copy  handlers.o(mc_w.l)
    0x08003bd2   0x00000002   Code   RO         8131    i.__scatterload_null  handlers.o(mc_w.l)
    0x08003bd4   0x0000000e   Code   RO         8132    i.__scatterload_zeroinit  handlers.o(mc_w.l)
    0x08003be2   0x00000002   PAD
    0x08003be4   0x000001b8   Code   RO         7934    i._printf_core      printf3.o(mc_w.l)
    0x08003d9c   0x0000001c   Code   RO         7205    i.arp_timer         tcpip.o
    0x08003db8   0x000001cc   Code   RO         6768    i.etharp_arp_input  etharp.o
    0x08003f84   0x000000ac   Code   RO         6770    i.etharp_ip_input   etharp.o
    0x08004030   0x000000c4   Code   RO         6771    i.etharp_output     etharp.o
    0x080040f4   0x00000194   Code   RO         6772    i.etharp_query      etharp.o
    0x08004288   0x000000ea   Code   RO         6773    i.etharp_raw        etharp.o
    0x08004372   0x00000002   PAD
    0x08004374   0x0000002c   Code   RO         6774    i.etharp_request    etharp.o
    0x080043a0   0x00000050   Code   RO         6775    i.etharp_send_ip    etharp.o
    0x080043f0   0x000000a0   Code   RO         6776    i.etharp_tmr        etharp.o
    0x08004490   0x0000006a   Code   RO         6777    i.ethernet_input    etharp.o
    0x080044fa   0x00000002   PAD
    0x080044fc   0x00000044   Code   RO         7091    i.ethernetif_init   ethernetif.o
    0x08004540   0x0000002c   Code   RO         7092    i.ethernetif_input  ethernetif.o
    0x0800456c   0x00000200   Code   RO         6778    i.find_entry        etharp.o
    0x0800476c   0x00000024   Code   RO         6861    i.fputc             lwip.o
    0x08004790   0x0000001e   Code   RO         6779    i.free_etharp_q     etharp.o
    0x080047ae   0x0000001a   Code   RO         6564    i.htonl             inet.o
    0x080047c8   0x0000000c   Code   RO         6565    i.htons             inet.o
    0x080047d4   0x00000012   Code   RO         6535    i.icmp_dest_unreach  icmp.o
    0x080047e6   0x000001ac   Code   RO         6536    i.icmp_input        icmp.o
    0x08004992   0x00000074   Code   RO         6537    i.icmp_send_response  icmp.o
    0x08004a06   0x00000012   Code   RO         6538    i.icmp_time_exceeded  icmp.o
    0x08004a18   0x00000014   Code   RO         6613    i.inet_chksum       inet_chksum.o
    0x08004a2c   0x00000056   Code   RO         6614    i.inet_chksum_pbuf  inet_chksum.o
    0x08004a82   0x000000ba   Code   RO         6615    i.inet_chksum_pseudo  inet_chksum.o
    0x08004b3c   0x0000004e   Code   RO         6691    i.ip_addr_isbroadcast  ip_addr.o
    0x08004b8a   0x00000002   PAD
    0x08004b8c   0x00000150   Code   RO         6713    i.ip_frag           ip_frag.o
    0x08004cdc   0x000001ac   Code   RO         6649    i.ip_input          ip.o
    0x08004e88   0x00000034   Code   RO         6650    i.ip_output         ip.o
    0x08004ebc   0x0000011c   Code   RO         6651    i.ip_output_if      ip.o
    0x08004fd8   0x00000194   Code   RO         6714    i.ip_reass          ip_frag.o
    0x0800516c   0x00000150   Code   RO         6715    i.ip_reass_chain_frag_into_datagram_and_validate  ip_frag.o
    0x080052bc   0x00000028   Code   RO         6716    i.ip_reass_dequeue_datagram  ip_frag.o
    0x080052e4   0x00000054   Code   RO         6717    i.ip_reass_enqueue_new_datagram  ip_frag.o
    0x08005338   0x00000080   Code   RO         6718    i.ip_reass_free_complete_datagram  ip_frag.o
    0x080053b8   0x0000007c   Code   RO         6719    i.ip_reass_remove_oldest_datagram  ip_frag.o
    0x08005434   0x0000001c   Code   RO         7206    i.ip_reass_timer    tcpip.o
    0x08005450   0x00000034   Code   RO         6720    i.ip_reass_tmr      ip_frag.o
    0x08005484   0x00000050   Code   RO         6652    i.ip_route          ip.o
    0x080054d4   0x0000008c   Code   RO         7093    i.low_level_init    ethernetif.o
    0x08005560   0x00000068   Code   RO         7094    i.low_level_input   ethernetif.o
    0x080055c8   0x00000036   Code   RO         7095    i.low_level_output  ethernetif.o
    0x080055fe   0x00000014   Code   RO         5551    i.lwip_init         init.o
    0x08005612   0x00000002   PAD
    0x08005614   0x00000020   Code   RO         7521    i.lwip_socket_init  sockets.o
    0x08005634   0x00000054   Code   RO         6616    i.lwip_standard_chksum  inet_chksum.o
    0x08005688   0x0000005c   Code   RO            3    i.main              main.o
    0x080056e4   0x00000058   Code   RO         5641    i.mem_free          mem.o
    0x0800573c   0x00000060   Code   RO         5642    i.mem_init          mem.o
    0x0800579c   0x0000011c   Code   RO         5643    i.mem_malloc        mem.o
    0x080058b8   0x00000144   Code   RO         5644    i.mem_realloc       mem.o
    0x080059fc   0x0000001c   Code   RO         5696    i.memp_free         memp.o
    0x08005a18   0x00000064   Code   RO         5697    i.memp_init         memp.o
    0x08005a7c   0x000000a8   Code   RO         5698    i.memp_malloc       memp.o
    0x08005b24   0x00000068   Code   RO         5779    i.netif_add         netif.o
    0x08005b8c   0x0000000c   Code   RO         5781    i.netif_is_up       netif.o
    0x08005b98   0x00000028   Code   RO         5783    i.netif_set_addr    netif.o
    0x08005bc0   0x0000000c   Code   RO         5784    i.netif_set_default  netif.o
    0x08005bcc   0x0000000c   Code   RO         5786    i.netif_set_gw      netif.o
    0x08005bd8   0x00000088   Code   RO         5787    i.netif_set_ipaddr  netif.o
    0x08005c60   0x0000000c   Code   RO         5788    i.netif_set_netmask  netif.o
    0x08005c6c   0x0000002c   Code   RO         5789    i.netif_set_up      netif.o
    0x08005c98   0x0000000c   Code   RO         6569    i.ntohl             inet.o
    0x08005ca4   0x0000000c   Code   RO         6570    i.ntohs             inet.o
    0x08005cb0   0x00000184   Code   RO         5865    i.pbuf_alloc        pbuf.o
    0x08005e34   0x000000c8   Code   RO         5866    i.pbuf_cat          pbuf.o
    0x08005efc   0x00000016   Code   RO         5867    i.pbuf_chain        pbuf.o
    0x08005f12   0x00000012   Code   RO         5868    i.pbuf_clen         pbuf.o
    0x08005f24   0x00000190   Code   RO         5870    i.pbuf_copy         pbuf.o
    0x080060b4   0x0000014c   Code   RO         5871    i.pbuf_copy_partial  pbuf.o
    0x08006200   0x00000060   Code   RO         5873    i.pbuf_free         pbuf.o
    0x08006260   0x00000100   Code   RO         5874    i.pbuf_header       pbuf.o
    0x08006360   0x00000066   Code   RO         5875    i.pbuf_realloc      pbuf.o
    0x080063c6   0x0000000a   Code   RO         5876    i.pbuf_ref          pbuf.o
    0x080063d0   0x0000007c   Code   RO         5645    i.plug_holes        mem.o
    0x0800644c   0x00000068   Code   RO         5954    i.raw_input         raw.o
    0x080064b4   0x00000094   Code   RO         6989    i.sys_arch_mbox_fetch  sys_arch.o
    0x08006548   0x0000006c   Code   RO         6990    i.sys_arch_sem_wait  sys_arch.o
    0x080065b4   0x00000038   Code   RO         6991    i.sys_arch_timeouts  sys_arch.o
    0x080065ec   0x00000038   Code   RO         6992    i.sys_init          sys_arch.o
    0x08006624   0x00000086   Code   RO         6055    i.sys_mbox_fetch    sys.o
    0x080066aa   0x00000002   PAD
    0x080066ac   0x00000048   Code   RO         6994    i.sys_mbox_new      sys_arch.o
    0x080066f4   0x00000024   Code   RO         6996    i.sys_mbox_trypost  sys_arch.o
    0x08006718   0x00000010   Code   RO         6997    i.sys_sem_free      sys_arch.o
    0x08006728   0x00000010   Code   RO         6998    i.sys_sem_new       sys_arch.o
    0x08006738   0x0000000c   Code   RO         6999    i.sys_sem_signal    sys_arch.o
    0x08006744   0x0000007a   Code   RO         6057    i.sys_sem_wait      sys.o
    0x080067be   0x00000002   PAD
    0x080067c0   0x00000090   Code   RO         7000    i.sys_thread_new    sys_arch.o
    0x08006850   0x000000bc   Code   RO         6059    i.sys_timeout       sys.o
    0x0800690c   0x00000066   Code   RO         6060    i.sys_untimeout     sys.o
    0x08006972   0x00000002   PAD
    0x08006974   0x0000002c   Code   RO          412    i.tcp_232_server_accept  tcp_to_rs232_485.o
    0x080069a0   0x0000003c   Code   RO          413    i.tcp_232_server_recv  tcp_to_rs232_485.o
    0x080069dc   0x0000002c   Code   RO          414    i.tcp_485_server_accept  tcp_to_rs232_485.o
    0x08006a08   0x0000003c   Code   RO          415    i.tcp_485_server_recv  tcp_to_rs232_485.o
    0x08006a44   0x0000009c   Code   RO         6113    i.tcp_abandon       tcp.o
    0x08006ae0   0x00000004   Code   RO         6114    i.tcp_accept        tcp.o
    0x08006ae4   0x00000008   Code   RO         6115    i.tcp_accept_null   tcp.o
    0x08006aec   0x000000b8   Code   RO         6116    i.tcp_alloc         tcp.o
    0x08006ba4   0x00000188   Code   RO         6118    i.tcp_bind          tcp.o
    0x08006d2c   0x000000fc   Code   RO         6119    i.tcp_close         tcp.o
    0x08006e28   0x0000002e   Code   RO         6122    i.tcp_eff_send_mss  tcp.o
    0x08006e56   0x00000002   PAD
    0x08006e58   0x0000050a   Code   RO         6358    i.tcp_enqueue       tcp_out.o
    0x08007362   0x00000002   PAD
    0x08007364   0x00000078   Code   RO         6124    i.tcp_fasttmr       tcp.o
    0x080073dc   0x000004ac   Code   RO         6310    i.tcp_input         tcp_in.o
    0x08007888   0x0000005e   Code   RO         6359    i.tcp_keepalive     tcp_out.o
    0x080078e6   0x00000002   PAD
    0x080078e8   0x00000058   Code   RO         6125    i.tcp_kill_prio     tcp.o
    0x08007940   0x0000003c   Code   RO         6126    i.tcp_kill_timewait  tcp.o
    0x0800797c   0x00000138   Code   RO         6311    i.tcp_listen_input  tcp_in.o
    0x08007ab4   0x00000158   Code   RO         6127    i.tcp_listen_with_backlog  tcp.o
    0x08007c0c   0x0000000a   Code   RO         6128    i.tcp_new           tcp.o
    0x08007c16   0x00000002   PAD
    0x08007c18   0x00000078   Code   RO         6129    i.tcp_new_port      tcp.o
    0x08007c90   0x0000001c   Code   RO         6130    i.tcp_next_iss      tcp.o
    0x08007cac   0x000001e0   Code   RO         6360    i.tcp_output        tcp_out.o
    0x08007e8c   0x000000dc   Code   RO         6361    i.tcp_output_segment  tcp_out.o
    0x08007f68   0x0000009e   Code   RO         6362    i.tcp_output_set_header  tcp_out.o
    0x08008006   0x00000002   PAD
    0x08008008   0x000000b8   Code   RO         6312    i.tcp_parseopt      tcp_in.o
    0x080080c0   0x00000036   Code   RO         6131    i.tcp_pcb_purge     tcp.o
    0x080080f6   0x00000002   PAD
    0x080080f8   0x00000084   Code   RO         6132    i.tcp_pcb_remove    tcp.o
    0x0800817c   0x00000590   Code   RO         6313    i.tcp_process       tcp_in.o
    0x0800870c   0x00000610   Code   RO         6314    i.tcp_receive       tcp_in.o
    0x08008d1c   0x00000006   Code   RO         6134    i.tcp_recv          tcp.o
    0x08008d22   0x0000002e   Code   RO         6135    i.tcp_recv_null     tcp.o
    0x08008d50   0x00000042   Code   RO         6136    i.tcp_recved        tcp.o
    0x08008d92   0x0000004e   Code   RO         6363    i.tcp_rexmit        tcp_out.o
    0x08008de0   0x00000072   Code   RO         6364    i.tcp_rexmit_fast   tcp_out.o
    0x08008e52   0x00000038   Code   RO         6365    i.tcp_rexmit_rto    tcp_out.o
    0x08008e8a   0x000000d4   Code   RO         6366    i.tcp_rst           tcp_out.o
    0x08008f5e   0x00000020   Code   RO         6137    i.tcp_seg_free      tcp.o
    0x08008f7e   0x0000001e   Code   RO         6138    i.tcp_segs_free     tcp.o
    0x08008f9c   0x0000001c   Code   RO         6367    i.tcp_send_ctrl     tcp_out.o
    0x08008fb8   0x00000070   Code   RO         6368    i.tcp_send_empty_ack  tcp_out.o
    0x08009028   0x00000004   Code   RO         6140    i.tcp_setprio       tcp.o
    0x0800902c   0x000002e0   Code   RO         6141    i.tcp_slowtmr       tcp.o
    0x0800930c   0x00000038   Code   RO         7210    i.tcp_timer_needed  tcpip.o
    0x08009344   0x000000b0   Code   RO         6315    i.tcp_timewait_input  tcp_in.o
    0x080093f4   0x00000024   Code   RO         6142    i.tcp_tmr           tcp.o
    0x08009418   0x00000048   Code   RO         6143    i.tcp_update_rcv_ann_wnd  tcp.o
    0x08009460   0x00000046   Code   RO         6369    i.tcp_write         tcp_out.o
    0x080094a6   0x000000b8   Code   RO         6370    i.tcp_zero_window_probe  tcp_out.o
    0x0800955e   0x00000002   PAD
    0x08009560   0x0000004c   Code   RO         7213    i.tcpip_init        tcpip.o
    0x080095ac   0x0000004c   Code   RO         7214    i.tcpip_input       tcpip.o
    0x080095f8   0x00000038   Code   RO         7215    i.tcpip_tcp_timer   tcpip.o
    0x08009630   0x000000d8   Code   RO         7216    i.tcpip_thread      tcpip.o
    0x08009708   0x000001a8   Code   RO         6448    i.udp_input         udp.o
    0x080098b0   0x000000f4   Code   RO         6780    i.update_arp_entry  etharp.o
    0x080099a4   0x00000074   Data   RO         4389    .constdata          os_dbg.o
    0x08009a18   0x00000100   Data   RO         4538    .constdata          os_core.o
    0x08009b18   0x00000038   Data   RO         5700    .constdata          memp.o
    0x08009b50   0x00000014   Data   RO         6144    .constdata          tcp.o
    0x08009b64   0x00000051   Data   RO         6371    .constdata          tcp_out.o
    0x08009bb5   0x00000008   Data   RO         6692    .constdata          ip_addr.o
    0x08009bbd   0x0000000c   Data   RO         6782    .constdata          etharp.o
    0x08009bc9   0x00000003   PAD
    0x08009bcc   0x00000004   Data   RO         7002    .constdata          sys_arch.o
    0x08009bd0   0x00000068   Data   RO         6145    .conststring        tcp.o
    0x08009c38   0x00000020   Data   RO         8128    Region$$Table       anon$$obj.o


    Execution Region RW_IRAM1 (Base: 0x20000000, Size: 0x0000dd40, Max: 0x00010000, ABSOLUTE, COMPRESSED[0x00000060])

    Base Addr    Size         Type   Attr      Idx    E Section Name        Object

    0x20000000   0x00000019   Data   RW          266    .data               sci.o
    0x20000019   0x00000003   PAD
    0x2000001c   0x00000008   Data   RW          305    .data               uctsk_tcp_client.o
    0x20000024   0x00000844   Data   RW          417    .data               tcp_to_rs232_485.o
    0x20000868   0x00000014   Data   RW         1062    .data               stm32f10x_rcc.o
    0x2000087c   0x00000010   Data   RW         3827    .data               stm32_eth.o
    0x2000088c   0x00000014   Data   RW         4350    .data               system_stm32f10x.o
    0x200008a0   0x00000002   Data   RW         4416    .data               os_cpu_c.o
    0x200008a2   0x00000002   PAD
    0x200008a4   0x00000060   Data   RW         4539    .data               os_core.o
    0x20000904   0x00000010   Data   RW         5647    .data               mem.o
    0x20000914   0x0000000c   Data   RW         5790    .data               netif.o
    0x20000920   0x00000004   Data   RW         5960    .data               raw.o
    0x20000924   0x0000004d   Data   RW         6146    .data               tcp.o
    0x20000971   0x00000003   PAD
    0x20000974   0x00000020   Data   RW         6317    .data               tcp_in.o
    0x20000994   0x00000004   Data   RW         6455    .data               udp.o
    0x20000998   0x0000000c   Data   RW         6653    .data               ip.o
    0x200009a4   0x00000006   Data   RW         6722    .data               ip_frag.o
    0x200009aa   0x00000001   Data   RW         6783    .data               etharp.o
    0x200009ab   0x00000001   PAD
    0x200009ac   0x00000008   Data   RW         7003    .data               sys_arch.o
    0x200009b4   0x0000000a   Data   RW         7097    .data               ethernetif.o
    0x200009be   0x00000002   PAD
    0x200009c0   0x00000010   Data   RW         7219    .data               tcpip.o
    0x200009d0   0x0000000c   Data   RW         7525    .data               sockets.o
    0x200009dc   0x00000004   Data   RW         8104    .data               stdout.o(mc_w.l)
    0x200009e0   0x00000200   Zero   RW            4    .bss                main.o
    0x20000be0   0x00000400   Zero   RW          304    .bss                uctsk_tcp_client.o
    0x20000fe0   0x00000400   Zero   RW          392    .bss                uctsk_tcp_sever.o
    0x200013e0   0x00000864   Zero   RW          416    .bss                tcp_to_rs232_485.o
    0x20001c44   0x000010d8   Zero   RW         4537    .bss                os_core.o
    0x20002d1c   0x00002014   Zero   RW         5646    .bss                mem.o
    0x20004d30   0x000049c3   Zero   RW         5699    .bss                memp.o
    0x200096f3   0x00000001   PAD
    0x200096f4   0x00000014   Zero   RW         6316    .bss                tcp_in.o
    0x20009708   0x000007d4   Zero   RW         6721    .bss                ip_frag.o
    0x20009edc   0x000000c8   Zero   RW         6781    .bss                etharp.o
    0x20009fa4   0x00000030   Zero   RW         6863    .bss                lwip.o
    0x20009fd4   0x00001168   Zero   RW         7001    .bss                sys_arch.o
    0x2000b13c   0x00002400   Zero   RW         7096    .bss                ethernetif.o
    0x2000d53c   0x00000004   PAD
    0x2000d540   0x00000800   Zero   RW         4380    STACK               startup_stm32f10x_cl.o


==============================================================================

Image component sizes


      Code (inc. data)   RO Data    RW Data    ZI Data      Debug   Object Name

         0          0          0          0          0      15664   api_lib.o
        42          0          0          0          0        348   cpu_a.o
         0          0          0          0          0        924   dns.o
      2642        232         12          1        200      13462   etharp.o
       730         66          0         10       9216      12080   ethernetif.o
       580          0          0          0          0       3862   icmp.o
        62          0          0          0          0       2352   inet.o
       376          0          0          0          0       6774   inet_chksum.o
        20          0          0          0          0      16120   init.o
       844         28          0         12          0       7212   ip.o
        78          0          8          0          0       5761   ip_addr.o
      1504         36          0          6       2004       9148   ip_frag.o
       704         60          0          0         48      12598   lwip.o
       156         20          0          0        512     326350   main.o
       916         32          0         16       8212       5113   mem.o
       296        128         56          0      18883      12839   memp.o
       156         32          0          0          0       2485   misc.o
       372         24          0         12          0       8810   netif.o
        12          0          0          0          0       3089   os_apphooks.o
      2646        416        256         96       4312      27063   os_core.o
       164         32          0          0          0        400   os_cpu_a.o
       356         24          0          2          0      32130   os_cpu_c.o
       348        230        116          0          0       3738   os_dbg.o
        88         14          0          0          0        666   os_flag.o
       406         18          0          0          0       3565   os_mem.o
       684         40          0          0          0       3687   os_q.o
       654         40          0          0          0       3697   os_sem.o
       986         72          0          0          0       6586   os_task.o
       288         34          0          0          0       2168   os_time.o
       652        136          0          0          0       4359   os_tmr.o
      1824        556          0          0          0       7925   pbuf.o
       104          4          0          4          0      10538   raw.o
       652         66          0         25          0       2676   sci.o
        32          6          0         12          0       6371   sockets.o
        36          8        336          0       2048        944   startup_stm32f10x_cl.o
      1532        134          0         16          0      16095   stm32_eth.o
       458         38          0          0          0       1935   stm32f107.o
       428         10          0          0          0       4990   stm32f10x_gpio.o
        62          6          0          0          0       3961   stm32f10x_it.o
       692         78          0         20          0      10983   stm32f10x_rcc.o
       746        106          0          0          0       5715   stm32f10x_tim.o
       460          6          0          0          0       7051   stm32f10x_usart.o
       546          0          0          0          0       4930   sys.o
       664         40          4          8       4456      10884   sys_arch.o
       372         32          0         20          0       2529   system_stm32f10x.o
      3026        392        124         77          0      26530   tcp.o
      4844        132          0         32         20      15420   tcp_in.o
      3096        166         81          0          0      19068   tcp_out.o
       424         52          0       2116       2148      21857   tcp_to_rs232_485.o
       536         96          0         16          0       9350   tcpip.o
        44          6          0          0          0        589   uctsk_blink.o
       320        106          0          8       1024      15462   uctsk_tcp_client.o
        82         26          0          0       1024       1840   uctsk_tcp_sever.o
       424          4          0          4          0       4439   udp.o

    ----------------------------------------------------------------------
     38230       3784       1028       2524      54112     765132   Object Totals
         0          0         32          0          0          0   (incl. Generated)
        64          0          3         11          5          2   (incl. Padding)

    ----------------------------------------------------------------------

      Code (inc. data)   RO Data    RW Data    ZI Data      Debug   Library Member Name

        88          0          0          0          0          0   __dczerorl2.o
         0          0          0          0          0          0   entry.o
         8          4          0          0          0          0   entry2.o
         4          0          0          0          0          0   entry5.o
         8          4          0          0          0          0   entry7.o
        30          0          0          0          0          0   handlers.o
        36          8          0          0          0         68   init.o
        36          0          0          0          0         68   memcpya.o
        38          0          0          0          0        108   memseta.o
       472         16          0          0          0        180   printf3.o
         0          0          0          4          0          0   stdout.o
        44          0          0          0          0         76   uidiv.o

    ----------------------------------------------------------------------
       766         32          0          4          0        500   Library Totals
         2          0          0          0          0          0   (incl. Padding)

    ----------------------------------------------------------------------

      Code (inc. data)   RO Data    RW Data    ZI Data      Debug   Library Name

       764         32          0          4          0        500   mc_w.l

    ----------------------------------------------------------------------
       766         32          0          4          0        500   Library Totals

    ----------------------------------------------------------------------

==============================================================================


      Code (inc. data)   RO Data    RW Data    ZI Data      Debug   

     38996       3816       1028       2528      54112     750284   Grand Totals
     38996       3816       1028         96      54112     750284   ELF Image Totals (compressed)
     38996       3816       1028         96          0          0   ROM Totals

==============================================================================

    Total RO  Size (Code + RO Data)                40024 (  39.09kB)
    Total RW  Size (RW Data + ZI Data)             56640 (  55.31kB)
    Total ROM Size (Code + RO Data + RW Data)      40120 (  39.18kB)

==============================================================================

